Archive member included because of file (symbol)

.\CortexM3\ARM_GCC_493\Debug\Node-Jaguar.a(cyfitter_cfg.o)
                              .\CortexM3\ARM_GCC_493\Debug\Cm3Start.o (cyfitter_cfg)
.\CortexM3\ARM_GCC_493\Debug\Node-Jaguar.a(CAN.o)
                              .\CortexM3\ARM_GCC_493\Debug\main.o (CAN_Init)
.\CortexM3\ARM_GCC_493\Debug\Node-Jaguar.a(CAN_INT.o)
                              .\CortexM3\ARM_GCC_493\Debug\Node-Jaguar.a(CAN.o) (CAN_ISR)
.\CortexM3\ARM_GCC_493\Debug\Node-Jaguar.a(CAN_TX_RX_func.o)
                              .\CortexM3\ARM_GCC_493\Debug\can_manga.o (CAN_SendMsg)
.\CortexM3\ARM_GCC_493\Debug\Node-Jaguar.a(CyLib.o)
                              .\CortexM3\ARM_GCC_493\Debug\Cm3Start.o (CyResetStatus)
.\CortexM3\ARM_GCC_493\Debug\Node-Jaguar.a(cyPm.o)
                              .\CortexM3\ARM_GCC_493\Debug\Node-Jaguar.a(CyLib.o) (CyPmReadStatus)
.\CortexM3\ARM_GCC_493\Debug\Node-Jaguar.a(Buzzer.o)
                              .\CortexM3\ARM_GCC_493\Debug\main.o (Buzzer_Write)
.\CortexM3\ARM_GCC_493\Debug\Node-Jaguar.a(HV.o)
                              .\CortexM3\ARM_GCC_493\Debug\main.o (HV_Read)
.\CortexM3\ARM_GCC_493\Debug\Node-Jaguar.a(Drive.o)
                              .\CortexM3\ARM_GCC_493\Debug\main.o (Drive_Read)
.\CortexM3\ARM_GCC_493\Debug\Node-Jaguar.a(RGB3_1.o)
                              .\CortexM3\ARM_GCC_493\Debug\main.o (RGB3_1_Write)
.\CortexM3\ARM_GCC_493\Debug\Node-Jaguar.a(RGB2_1.o)
                              .\CortexM3\ARM_GCC_493\Debug\main.o (RGB2_1_Write)
.\CortexM3\ARM_GCC_493\Debug\Node-Jaguar.a(RGB1_1.o)
                              .\CortexM3\ARM_GCC_493\Debug\main.o (RGB1_1_Write)
.\CortexM3\ARM_GCC_493\Debug\Node-Jaguar.a(LED_Driver1_MASTER.o)
                              .\CortexM3\ARM_GCC_493\Debug\led_manager.o (LED_Driver1_MasterSendStart)
.\CortexM3\ARM_GCC_493\Debug\Node-Jaguar.a(LED_Driver2.o)
                              .\CortexM3\ARM_GCC_493\Debug\led_manager.o (LED_Driver2_Start)
.\CortexM3\ARM_GCC_493\Debug\Node-Jaguar.a(LED_Driver2_INT.o)
                              .\CortexM3\ARM_GCC_493\Debug\Node-Jaguar.a(LED_Driver2.o) (LED_Driver2_ISR)
.\CortexM3\ARM_GCC_493\Debug\Node-Jaguar.a(LED_Driver2_MASTER.o)
                              .\CortexM3\ARM_GCC_493\Debug\Node-Jaguar.a(LED_Driver2.o) (LED_Driver2_mstrStatus)
.\CortexM3\ARM_GCC_493\Debug\Node-Jaguar.a(b1_critical_timer.o)
                              .\CortexM3\ARM_GCC_493\Debug\led_manager.o (b1_critical_timer_Start)
.\CortexM3\ARM_GCC_493\Debug\Node-Jaguar.a(b1_crit_int.o)
                              .\CortexM3\ARM_GCC_493\Debug\led_manager.o (b1_crit_int_StartEx)
.\CortexM3\ARM_GCC_493\Debug\Node-Jaguar.a(b2_critical_timer.o)
                              .\CortexM3\ARM_GCC_493\Debug\led_manager.o (b2_critical_timer_Start)
.\CortexM3\ARM_GCC_493\Debug\Node-Jaguar.a(b2_crit_int.o)
                              .\CortexM3\ARM_GCC_493\Debug\led_manager.o (b2_crit_int_StartEx)
.\CortexM3\ARM_GCC_493\Debug\Node-Jaguar.a(b3_critical_timer.o)
                              .\CortexM3\ARM_GCC_493\Debug\led_manager.o (b3_critical_timer_Start)
.\CortexM3\ARM_GCC_493\Debug\Node-Jaguar.a(b3_crit_int.o)
                              .\CortexM3\ARM_GCC_493\Debug\led_manager.o (b3_crit_int_StartEx)
.\CortexM3\ARM_GCC_493\Debug\Node-Jaguar.a(c1_critical_timer.o)
                              .\CortexM3\ARM_GCC_493\Debug\led_manager.o (c1_critical_timer_Start)
.\CortexM3\ARM_GCC_493\Debug\Node-Jaguar.a(c1_crit_int.o)
                              .\CortexM3\ARM_GCC_493\Debug\led_manager.o (c1_crit_int_StartEx)
.\CortexM3\ARM_GCC_493\Debug\Node-Jaguar.a(tach_critical_timer.o)
                              .\CortexM3\ARM_GCC_493\Debug\led_manager.o (tach_critical_timer_Start)
.\CortexM3\ARM_GCC_493\Debug\Node-Jaguar.a(tach_crit_int.o)
                              .\CortexM3\ARM_GCC_493\Debug\led_manager.o (tach_crit_int_StartEx)
.\CortexM3\ARM_GCC_493\Debug\Node-Jaguar.a(CyBootAsmGnu.o)
                              .\CortexM3\ARM_GCC_493\Debug\Node-Jaguar.a(cyfitter_cfg.o) (CyDelayCycles)
.\CortexM3\ARM_GCC_493\Debug\Node-Jaguar.a(CyFlash.o)
                              .\CortexM3\ARM_GCC_493\Debug\Node-Jaguar.a(cyPm.o) (CyFlash_SetWaitCycles)
.\CortexM3\ARM_GCC_493\Debug\Node-Jaguar.a(CySpc.o)
                              .\CortexM3\ARM_GCC_493\Debug\Node-Jaguar.a(CyFlash.o) (CySpcStart)
.\CortexM3\ARM_GCC_493\Debug\Node-Jaguar.a(LED_Driver1.o)
                              .\CortexM3\ARM_GCC_493\Debug\Node-Jaguar.a(LED_Driver1_MASTER.o) (LED_Driver1_state)
.\CortexM3\ARM_GCC_493\Debug\Node-Jaguar.a(LED_Driver1_INT.o)
                              .\CortexM3\ARM_GCC_493\Debug\Node-Jaguar.a(LED_Driver1.o) (LED_Driver1_ISR)
d:/programming/cypress/psoc creator/4.0/psoc creator/import/gnu/arm/4.9.3/bin/../lib/gcc/arm-none-eabi/4.9.3/../../../../arm-none-eabi/lib/armv7-m\libg_nano.a(lib_a-errno.o)
[...]
Memory Configuration

Name             Origin             Length             Attributes
rom              0x00000000         0x00040000         xr
ram              0x1fff8000         0x00010000         xrw
*default*        0x00000000         0xffffffff

Linker script and memory map

LOAD d:/programming/cypress/psoc creator/4.0/psoc creator/import/gnu/arm/4.9.3/bin/../lib/gcc/arm-none-eabi/4.9.3/armv7-m/crti.o
LOAD d:/programming/cypress/psoc creator/4.0/psoc creator/import/gnu/arm/4.9.3/bin/../lib/gcc/arm-none-eabi/4.9.3/armv7-m/crtbegin.o
LOAD d:/programming/cypress/psoc creator/4.0/psoc creator/import/gnu/arm/4.9.3/bin/../lib/gcc/arm-none-eabi/4.9.3/../../../../arm-none-eabi/lib/armv7-m/crt0.o
START GROUP
LOAD .\CortexM3\ARM_GCC_493\Debug\main.o
LOAD .\CortexM3\ARM_GCC_493\Debug\can_manga.o
LOAD .\CortexM3\ARM_GCC_493\Debug\led_manager.o
LOAD .\CortexM3\ARM_GCC_493\Debug\cymetadata.o
LOAD .\CortexM3\ARM_GCC_493\Debug\Cm3Start.o
LOAD .\CortexM3\ARM_GCC_493\Debug\Node-Jaguar.a
LOAD D:\Programming\Cypress\PSoC Creator\4.0\PSoC Creator\psoc\content\cycomponentlibrary\CyComponentLibrary.cylib\CortexM3\ARM_GCC_493\Debug\CyComponentLibrary.a
END GROUP
START GROUP
LOAD d:/programming/cypress/psoc creator/4.0/psoc creator/import/gnu/arm/4.9.3/bin/../lib/gcc/arm-none-eabi/4.9.3/armv7-m\libgcc.a
LOAD d:/programming/cypress/psoc creator/4.0/psoc creator/import/gnu/arm/4.9.3/bin/../lib/gcc/arm-none-eabi/4.9.3/../../../../arm-none-eabi/lib/armv7-m\libg_nano.a
LOAD d:/programming/cypress/psoc creator/4.0/psoc creator/import/gnu/arm/4.9.3/bin/../lib/gcc/arm-none-eabi/4.9.3/../../../../arm-none-eabi/lib/armv7-m\libc_nano.a
END GROUP
START GROUP
LOAD d:/programming/cypress/psoc creator/4.0/psoc creator/import/gnu/arm/4.9.3/bin/../lib/gcc/arm-none-eabi/4.9.3/armv7-m\libgcc.a
LOAD d:/programming/cypress/psoc creator/4.0/psoc creator/import/gnu/arm/4.9.3/bin/../lib/gcc/arm-none-eabi/4.9.3/../../../../arm-none-eabi/lib/armv7-m\libc_nano.a
END GROUP
LOAD d:/programming/cypress/psoc creator/4.0/psoc creator/import/gnu/arm/4.9.3/bin/../lib/gcc/arm-none-eabi/4.9.3/armv7-m/crtend.o
LOAD d:/programming/cypress/psoc creator/4.0/psoc creator/import/gnu/arm/4.9.3/bin/../lib/gcc/arm-none-eabi/4.9.3/armv7-m/crtn.o
START GROUP
LOAD d:/programming/cypress/psoc creator/4.0/psoc creator/import/gnu/arm/4.9.3/bin/../lib/gcc/arm-none-eabi/4.9.3/armv7-m\libgcc.a
LOAD d:/programming/cypress/psoc creator/4.0/psoc creator/import/gnu/arm/4.9.3/bin/../lib/gcc/arm-none-eabi/4.9.3/../../../../arm-none-eabi/lib/armv7-m\libc.a
LOAD d:/programming/cypress/psoc creator/4.0/psoc creator/import/gnu/arm/4.9.3/bin/../lib/gcc/arm-none-eabi/4.9.3/../../../../arm-none-eabi/lib/armv7-m\libnosys.a
END GROUP
                0x00000000                CY_APPL_ORIGIN = 0x0
                0x00000100                CY_FLASH_ROW_SIZE = 0x100
                0x00000020                CY_ECC_ROW_SIZE = 0x20
                0x00000000                CY_EE_IN_BTLDR = 0x0
                0x00000000                CY_APPL_LOADABLE = 0x0
                0x00000800                CY_EE_SIZE = 0x800
                0x00000001                CY_APPL_NUM = 0x1
                0x00000001                CY_APPL_MAX = 0x1
                0x00000040                CY_METADATA_SIZE = 0x40
                0x00000000                CY_APPL_LOADABLE = 0x0
                0x00000000                CY_CHECKSUM_EXCLUDE_SIZE = ALIGN (0x0, CY_FLASH_ROW_SIZE)
                0x1fff8288                PROVIDE (__cy_heap_start, _end)
                0x00000001                PROVIDE (__cy_region_num, ((__cy_regions_end - __cy_regions) / 0x10))
                0x20008000                PROVIDE (__cy_stack, (ORIGIN (ram) + 0x10000))
                0x20007800                PROVIDE (__cy_heap_end, (__cy_stack - 0x800))

.cybootloader   0x00000000        0x0
 *(.cybootloader)
                0x00000000                appl1_start = CY_APPL_ORIGIN?CY_APPL_ORIGIN:ALIGN (CY_FLASH_ROW_SIZE)
                0x0001ff00                appl2_start = (appl1_start + ALIGN ((((0x40000 - appl1_start) - (0x2 * CY_FLASH_ROW_SIZE)) / 0x2), CY_FLASH_ROW_SIZE))
                0x00000000                appl_start = (CY_APPL_NUM == 0x1)?appl1_start:appl2_start
                0x00000000                ecc_offset = ((appl_start / CY_FLASH_ROW_SIZE) * CY_ECC_ROW_SIZE)
                0x00000000                ee_offset = (CY_APPL_LOADABLE && ! (CY_EE_IN_BTLDR))?((CY_EE_SIZE / CY_APPL_MAX) * (CY_APPL_NUM - 0x1)):0x0
                0x00000800                ee_size = (CY_APPL_LOADABLE && ! (CY_EE_IN_BTLDR))?(CY_EE_SIZE / CY_APPL_MAX):CY_EE_SIZE
                0x00000000                PROVIDE (CY_ECC_OFFSET, ecc_offset)

.text           0x00000000     0x250a
 CREATE_OBJECT_SYMBOLS
                0x00000000                PROVIDE (__cy_interrupt_vector, RomVectors)
 *(.romvectors)
 .romvectors    0x00000000       0x10 .\CortexM3\ARM_GCC_493\Debug\Cm3Start.o
                0x00000000                RomVectors
                0x00000001                ASSERT ((. != __cy_interrupt_vector), No interrupt vector)
                0x00000001                ASSERT (CY_APPL_ORIGIN?(SIZEOF (.cybootloader) <= CY_APPL_ORIGIN):0x1, Wrong image location)
                0x00000010                PROVIDE (__cy_reset, Reset)
 *(.text.Reset)
 .text.Reset    0x00000010       0x18 .\CortexM3\ARM_GCC_493\Debug\Cm3Start.o
                0x00000010                Reset
                0x00000001                ASSERT ((. != __cy_reset), No reset code)
 *(.dma_init)
                0x00000001                ASSERT ((((appl_start + .) <= 0x10000) || 0x1), DMA Init must be within the first 64k of flash)
 *(.text .text.* .gnu.linkonce.t.*)
 .text          0x00000028       0x5c d:/programming/cypress/psoc creator/4.0/psoc creator/import/gnu/arm/4.9.3/bin/../lib/gcc/arm-none-eabi/4.9.3/armv7-m/crtbegin.o
 .text.main     0x00000084      0x38c .\CortexM3\ARM_GCC_493\Debug\main.o
                0x00000084                main
 .text.getCapacitorVoltage
                0x00000410       0x18 .\CortexM3\ARM_GCC_493\Debug\can_manga.o
                0x00000410                getCapacitorVoltage
 .text.getCurtisHeartBeatCheck
                0x00000428       0x18 .\CortexM3\ARM_GCC_493\Debug\can_manga.o
                0x00000428                getCurtisHeartBeatCheck
 .text.getAckRx
                0x00000440       0x18 .\CortexM3\ARM_GCC_493\Debug\can_manga.o
                0x00000440                getAckRx
 .text.getErrorTolerance
                0x00000458       0x18 .\CortexM3\ARM_GCC_493\Debug\can_manga.o
                0x00000458                getErrorTolerance
 .text.getABSMotorRPM
                0x00000470       0x1c .\CortexM3\ARM_GCC_493\Debug\can_manga.o
                0x00000470                getABSMotorRPM
 .text.getPedalLow
                0x0000048c       0x18 .\CortexM3\ARM_GCC_493\Debug\can_manga.o
                0x0000048c                getPedalLow
 .text.getPedalHigh
                0x000004a4       0x18 .\CortexM3\ARM_GCC_493\Debug\can_manga.o
                0x000004a4                getPedalHigh
 .text.can_receive
                0x000004bc      0x18c .\CortexM3\ARM_GCC_493\Debug\can_manga.o
                0x000004bc                can_receive
 .text.can_send
                0x00000648       0x5c .\CortexM3\ARM_GCC_493\Debug\can_manga.o
                0x00000648                can_send
 .text.can_send_status
                0x000006a4       0x44 .\CortexM3\ARM_GCC_493\Debug\can_manga.o
                0x000006a4                can_send_status
 .text.can_send_cmd
                0x000006e8       0x50 .\CortexM3\ARM_GCC_493\Debug\can_manga.o
                0x000006e8                can_send_cmd
 .text.b1_crit_isr
                0x00000738       0x54 .\CortexM3\ARM_GCC_493\Debug\led_manager.o
                0x00000738                b1_crit_isr
 .text.c1_crit_isr
                0x0000078c       0x54 .\CortexM3\ARM_GCC_493\Debug\led_manager.o
                0x0000078c                c1_crit_isr
 .text.led_write_b1
                0x000007e0      0x150 .\CortexM3\ARM_GCC_493\Debug\led_manager.o
                0x000007e0                led_write_b1
 .text.led_write_c1
                0x00000930      0x14c .\CortexM3\ARM_GCC_493\Debug\led_manager.o
                0x00000930                led_write_c1
 .text.led_update_stat
                0x00000a7c       0x50 .\CortexM3\ARM_GCC_493\Debug\led_manager.o
                0x00000a7c                led_update_stat
 .text.b11_write
                0x00000acc       0x48 .\CortexM3\ARM_GCC_493\Debug\led_manager.o
                0x00000acc                b11_write
 .text.b12_write
                0x00000b14       0x48 .\CortexM3\ARM_GCC_493\Debug\led_manager.o
                0x00000b14                b12_write
 .text.b13_write
                0x00000b5c       0x48 .\CortexM3\ARM_GCC_493\Debug\led_manager.o
                0x00000b5c                b13_write
 .text.b14_write
                0x00000ba4       0x48 .\CortexM3\ARM_GCC_493\Debug\led_manager.o
                0x00000ba4                b14_write
 .text.b15_write
                0x00000bec       0x48 .\CortexM3\ARM_GCC_493\Debug\led_manager.o
                0x00000bec                b15_write
 .text.c5_write
                0x00000c34       0x48 .\CortexM3\ARM_GCC_493\Debug\led_manager.o
                0x00000c34                c5_write
 .text.c4_write
                0x00000c7c       0x48 .\CortexM3\ARM_GCC_493\Debug\led_manager.o
                0x00000c7c                c4_write
 .text.c3_write
                0x00000cc4       0x48 .\CortexM3\ARM_GCC_493\Debug\led_manager.o
                0x00000cc4                c3_write
 .text.c2_write
                0x00000d0c       0x48 .\CortexM3\ARM_GCC_493\Debug\led_manager.o
                0x00000d0c                c2_write
 .text.c1_write
                0x00000d54       0x48 .\CortexM3\ARM_GCC_493\Debug\led_manager.o
                0x00000d54                c1_write
 .text.IntDefaultHandler
                0x00000d9c        0x8 .\CortexM3\ARM_GCC_493\Debug\Cm3Start.o
                0x00000d9c                IntDefaultHandler
 .text.Start_c  0x00000da4       0x98 .\CortexM3\ARM_GCC_493\Debug\Cm3Start.o
                0x00000da4                Start_c
 .text.initialize_psoc
                0x00000e3c       0x8c .\CortexM3\ARM_GCC_493\Debug\Cm3Start.o
                0x00000e3c                initialize_psoc
 .text.CYMEMZERO
                0x00000ec8       0x1c .\CortexM3\ARM_GCC_493\Debug\Node-Jaguar.a(cyfitter_cfg.o)
 .text.CYCONFIGCPY
                0x00000ee4       0x1c .\CortexM3\ARM_GCC_493\Debug\Node-Jaguar.a(cyfitter_cfg.o)
 .text.CyClockStartupError
                0x00000f00        0xc .\CortexM3\ARM_GCC_493\Debug\Node-Jaguar.a(cyfitter_cfg.o)
 .text.cfg_write_bytes32
                0x00000f0c       0x74 .\CortexM3\ARM_GCC_493\Debug\Node-Jaguar.a(cyfitter_cfg.o)
 .text.ClockSetup
                0x00000f80      0x120 .\CortexM3\ARM_GCC_493\Debug\Node-Jaguar.a(cyfitter_cfg.o)
 .text.AnalogSetDefault
                0x000010a0       0x44 .\CortexM3\ARM_GCC_493\Debug\Node-Jaguar.a(cyfitter_cfg.o)
 .text.cyfitter_cfg
                0x000010e4      0x1c4 .\CortexM3\ARM_GCC_493\Debug\Node-Jaguar.a(cyfitter_cfg.o)
                0x000010e4                cyfitter_cfg
 .text.CAN_RxTxBuffersConfig
                0x000012a8       0x80 .\CortexM3\ARM_GCC_493\Debug\Node-Jaguar.a(CAN.o)
                0x000012a8                CAN_RxTxBuffersConfig
 .text.CAN_Init
                0x00001328      0x128 .\CortexM3\ARM_GCC_493\Debug\Node-Jaguar.a(CAN.o)
                0x00001328                CAN_Init
 .text.CAN_Enable
                0x00001450       0xa4 .\CortexM3\ARM_GCC_493\Debug\Node-Jaguar.a(CAN.o)
                0x00001450                CAN_Enable
 .text.CAN_Start
                0x000014f4       0x3c .\CortexM3\ARM_GCC_493\Debug\Node-Jaguar.a(CAN.o)
                0x000014f4                CAN_Start
 .text.CAN_GlobalIntEnable
                0x00001530       0x40 .\CortexM3\ARM_GCC_493\Debug\Node-Jaguar.a(CAN.o)
                0x00001530                CAN_GlobalIntEnable
 .text.CAN_SetPreScaler
                0x00001570       0x44 .\CortexM3\ARM_GCC_493\Debug\Node-Jaguar.a(CAN.o)
                0x00001570                CAN_SetPreScaler
 .text.CAN_SetArbiter
                0x000015b4       0x6c .\CortexM3\ARM_GCC_493\Debug\Node-Jaguar.a(CAN.o)
                0x000015b4                CAN_SetArbiter
 .text.CAN_SetTsegSample
                0x00001620       0xd4 .\CortexM3\ARM_GCC_493\Debug\Node-Jaguar.a(CAN.o)
                0x00001620                CAN_SetTsegSample
 .text.CAN_SetRestartType
                0x000016f4       0x6c .\CortexM3\ARM_GCC_493\Debug\Node-Jaguar.a(CAN.o)
                0x000016f4                CAN_SetRestartType
 .text.CAN_SetEdgeMode
                0x00001760       0x6c .\CortexM3\ARM_GCC_493\Debug\Node-Jaguar.a(CAN.o)
                0x00001760                CAN_SetEdgeMode
 .text.CAN_SetIrqMask
                0x000017cc       0x38 .\CortexM3\ARM_GCC_493\Debug\Node-Jaguar.a(CAN.o)
                0x000017cc                CAN_SetIrqMask
 .text.CAN_RxBufConfig
                0x00001804       0xec .\CortexM3\ARM_GCC_493\Debug\Node-Jaguar.a(CAN.o)
                0x00001804                CAN_RxBufConfig
 .text.CAN_TxBufConfig
                0x000018f0       0x88 .\CortexM3\ARM_GCC_493\Debug\Node-Jaguar.a(CAN.o)
                0x000018f0                CAN_TxBufConfig
 .text.CAN_MsgRXIsr
                0x00001978       0x68 .\CortexM3\ARM_GCC_493\Debug\Node-Jaguar.a(CAN_INT.o)
                0x00001978                CAN_MsgRXIsr
 .text.CAN_ISR  0x000019e0       0x1c .\CortexM3\ARM_GCC_493\Debug\Node-Jaguar.a(CAN_INT.o)
                0x000019e0                CAN_ISR
 .text.CAN_SendMsg
                0x000019fc      0x180 .\CortexM3\ARM_GCC_493\Debug\Node-Jaguar.a(CAN_TX_RX_func.o)
                0x000019fc                CAN_SendMsg
 .text.CAN_ReceiveMsg
                0x00001b7c       0xdc .\CortexM3\ARM_GCC_493\Debug\Node-Jaguar.a(CAN_TX_RX_func.o)
                0x00001b7c                CAN_ReceiveMsg
 .text.CyHalt   0x00001c58       0x18 .\CortexM3\ARM_GCC_493\Debug\Node-Jaguar.a(CyLib.o)
                0x00001c58                CyHalt
 .text.CyDelay  0x00001c70       0x44 .\CortexM3\ARM_GCC_493\Debug\Node-Jaguar.a(CyLib.o)
                0x00001c70                CyDelay
 .text.CyIntSetVector
                0x00001cb4       0x50 .\CortexM3\ARM_GCC_493\Debug\Node-Jaguar.a(CyLib.o)
                0x00001cb4                CyIntSetVector
 .text.CyIntSetPriority
                0x00001d04       0x44 .\CortexM3\ARM_GCC_493\Debug\Node-Jaguar.a(CyLib.o)
                0x00001d04                CyIntSetPriority
 .text.Buzzer_Write
                0x00001d48       0x3c .\CortexM3\ARM_GCC_493\Debug\Node-Jaguar.a(Buzzer.o)
                0x00001d48                Buzzer_Write
 .text.HV_Read  0x00001d84       0x20 .\CortexM3\ARM_GCC_493\Debug\Node-Jaguar.a(HV.o)
                0x00001d84                HV_Read
 .text.Drive_Read
                0x00001da4       0x20 .\CortexM3\ARM_GCC_493\Debug\Node-Jaguar.a(Drive.o)
                0x00001da4                Drive_Read
 .text.RGB3_1_Write
                0x00001dc4       0x3c .\CortexM3\ARM_GCC_493\Debug\Node-Jaguar.a(RGB3_1.o)
                0x00001dc4                RGB3_1_Write
 .text.RGB2_1_Write
                0x00001e00       0x3c .\CortexM3\ARM_GCC_493\Debug\Node-Jaguar.a(RGB2_1.o)
                0x00001e00                RGB2_1_Write
 .text.RGB1_1_Write
                0x00001e3c       0x3c .\CortexM3\ARM_GCC_493\Debug\Node-Jaguar.a(RGB1_1.o)
                0x00001e3c                RGB1_1_Write
 .text.LED_Driver2_MasterSendStart
                0x00001e78       0xd8 .\CortexM3\ARM_GCC_493\Debug\Node-Jaguar.a(LED_Driver2_MASTER.o)
                0x00001e78                LED_Driver2_MasterSendStart
 .text.LED_Driver2_MasterSendStop
                0x00001f50       0x74 .\CortexM3\ARM_GCC_493\Debug\Node-Jaguar.a(LED_Driver2_MASTER.o)
                0x00001f50                LED_Driver2_MasterSendStop
 .text.LED_Driver2_MasterWriteByte
                0x00001fc4       0xa0 .\CortexM3\ARM_GCC_493\Debug\Node-Jaguar.a(LED_Driver2_MASTER.o)
                0x00001fc4                LED_Driver2_MasterWriteByte
 .text.b1_critical_timer_Init
                0x00002064       0x4c .\CortexM3\ARM_GCC_493\Debug\Node-Jaguar.a(b1_critical_timer.o)
                0x00002064                b1_critical_timer_Init
 .text.b1_critical_timer_Enable
                0x000020b0       0x20 .\CortexM3\ARM_GCC_493\Debug\Node-Jaguar.a(b1_critical_timer.o)
                0x000020b0                b1_critical_timer_Enable
 .text.b1_critical_timer_Start
                0x000020d0       0x20 .\CortexM3\ARM_GCC_493\Debug\Node-Jaguar.a(b1_critical_timer.o)
                0x000020d0                b1_critical_timer_Start
 .text.b1_critical_timer_Stop
                0x000020f0       0x20 .\CortexM3\ARM_GCC_493\Debug\Node-Jaguar.a(b1_critical_timer.o)
                0x000020f0                b1_critical_timer_Stop
 .text.b1_critical_timer_SetInterruptMode
                0x00002110       0x20 .\CortexM3\ARM_GCC_493\Debug\Node-Jaguar.a(b1_critical_timer.o)
                0x00002110                b1_critical_timer_SetInterruptMode
 .text.b1_critical_timer_ReadStatusRegister
                0x00002130       0x18 .\CortexM3\ARM_GCC_493\Debug\Node-Jaguar.a(b1_critical_timer.o)
                0x00002130                b1_critical_timer_ReadStatusRegister
 .text.b1_critical_timer_WritePeriod
                0x00002148       0x20 .\CortexM3\ARM_GCC_493\Debug\Node-Jaguar.a(b1_critical_timer.o)
                0x00002148                b1_critical_timer_WritePeriod
 .text.b1_critical_timer_ReadCapture
                0x00002168       0x18 .\CortexM3\ARM_GCC_493\Debug\Node-Jaguar.a(b1_critical_timer.o)
                0x00002168                b1_critical_timer_ReadCapture
 .text.b1_critical_timer_WriteCounter
                0x00002180       0x20 .\CortexM3\ARM_GCC_493\Debug\Node-Jaguar.a(b1_critical_timer.o)
                0x00002180                b1_critical_timer_WriteCounter
 .text.b1_critical_timer_ClearFIFO
                0x000021a0       0x1c .\CortexM3\ARM_GCC_493\Debug\Node-Jaguar.a(b1_critical_timer.o)
                0x000021a0                b1_critical_timer_ClearFIFO
 .text.b1_crit_int_StartEx
                0x000021bc       0x24 .\CortexM3\ARM_GCC_493\Debug\Node-Jaguar.a(b1_crit_int.o)
                0x000021bc                b1_crit_int_StartEx
 .text.b1_crit_int_Stop
                0x000021e0       0x14 .\CortexM3\ARM_GCC_493\Debug\Node-Jaguar.a(b1_crit_int.o)
                0x000021e0                b1_crit_int_Stop
 .text.b1_crit_int_SetVector
                0x000021f4       0x24 .\CortexM3\ARM_GCC_493\Debug\Node-Jaguar.a(b1_crit_int.o)
                0x000021f4                b1_crit_int_SetVector
 .text.b1_crit_int_SetPriority
                0x00002218       0x24 .\CortexM3\ARM_GCC_493\Debug\Node-Jaguar.a(b1_crit_int.o)
                0x00002218                b1_crit_int_SetPriority
 .text.b1_crit_int_Enable
                0x0000223c       0x18 .\CortexM3\ARM_GCC_493\Debug\Node-Jaguar.a(b1_crit_int.o)
                0x0000223c                b1_crit_int_Enable
 .text.b1_crit_int_Disable
                0x00002254       0x18 .\CortexM3\ARM_GCC_493\Debug\Node-Jaguar.a(b1_crit_int.o)
                0x00002254                b1_crit_int_Disable
 .text.c1_critical_timer_Init
                0x0000226c       0x4c .\CortexM3\ARM_GCC_493\Debug\Node-Jaguar.a(c1_critical_timer.o)
                0x0000226c                c1_critical_timer_Init
 .text.c1_critical_timer_Enable
                0x000022b8       0x20 .\CortexM3\ARM_GCC_493\Debug\Node-Jaguar.a(c1_critical_timer.o)
                0x000022b8                c1_critical_timer_Enable
 .text.c1_critical_timer_Start
                0x000022d8       0x20 .\CortexM3\ARM_GCC_493\Debug\Node-Jaguar.a(c1_critical_timer.o)
                0x000022d8                c1_critical_timer_Start
 .text.c1_critical_timer_Stop
                0x000022f8       0x20 .\CortexM3\ARM_GCC_493\Debug\Node-Jaguar.a(c1_critical_timer.o)
                0x000022f8                c1_critical_timer_Stop
 .text.c1_critical_timer_SetInterruptMode
                0x00002318       0x20 .\CortexM3\ARM_GCC_493\Debug\Node-Jaguar.a(c1_critical_timer.o)
                0x00002318                c1_critical_timer_SetInterruptMode
 .text.c1_critical_timer_ReadStatusRegister
                0x00002338       0x18 .\CortexM3\ARM_GCC_493\Debug\Node-Jaguar.a(c1_critical_timer.o)
                0x00002338                c1_critical_timer_ReadStatusRegister
 .text.c1_critical_timer_WritePeriod
                0x00002350       0x20 .\CortexM3\ARM_GCC_493\Debug\Node-Jaguar.a(c1_critical_timer.o)
                0x00002350                c1_critical_timer_WritePeriod
 .text.c1_critical_timer_ReadCapture
                0x00002370       0x18 .\CortexM3\ARM_GCC_493\Debug\Node-Jaguar.a(c1_critical_timer.o)
                0x00002370                c1_critical_timer_ReadCapture
 .text.c1_critical_timer_WriteCounter
                0x00002388       0x20 .\CortexM3\ARM_GCC_493\Debug\Node-Jaguar.a(c1_critical_timer.o)
                0x00002388                c1_critical_timer_WriteCounter
 .text.c1_critical_timer_ClearFIFO
                0x000023a8       0x1c .\CortexM3\ARM_GCC_493\Debug\Node-Jaguar.a(c1_critical_timer.o)
                0x000023a8                c1_critical_timer_ClearFIFO
 .text.c1_crit_int_StartEx
                0x000023c4       0x24 .\CortexM3\ARM_GCC_493\Debug\Node-Jaguar.a(c1_crit_int.o)
                0x000023c4                c1_crit_int_StartEx
 .text.c1_crit_int_Stop
                0x000023e8       0x14 .\CortexM3\ARM_GCC_493\Debug\Node-Jaguar.a(c1_crit_int.o)
                0x000023e8                c1_crit_int_Stop
 .text.c1_crit_int_SetVector
                0x000023fc       0x24 .\CortexM3\ARM_GCC_493\Debug\Node-Jaguar.a(c1_crit_int.o)
                0x000023fc                c1_crit_int_SetVector
 .text.c1_crit_int_SetPriority
                0x00002420       0x24 .\CortexM3\ARM_GCC_493\Debug\Node-Jaguar.a(c1_crit_int.o)
                0x00002420                c1_crit_int_SetPriority
 .text.c1_crit_int_Enable
                0x00002444       0x18 .\CortexM3\ARM_GCC_493\Debug\Node-Jaguar.a(c1_crit_int.o)
                0x00002444                c1_crit_int_Enable
 .text.c1_crit_int_Disable
                0x0000245c       0x18 .\CortexM3\ARM_GCC_493\Debug\Node-Jaguar.a(c1_crit_int.o)
                0x0000245c                c1_crit_int_Disable
 *fill*         0x00002474        0x4 
 .text          0x00002478       0x20 .\CortexM3\ARM_GCC_493\Debug\Node-Jaguar.a(CyBootAsmGnu.o)
                0x00002478                CyDelayCycles
                0x00002488                CyEnterCriticalSection
                0x00002490                CyExitCriticalSection
 .text.__libc_init_array
                0x00002498       0x4c d:/programming/cypress/psoc creator/4.0/psoc creator/import/gnu/arm/4.9.3/bin/../lib/gcc/arm-none-eabi/4.9.3/../../../../arm-none-eabi/lib/armv7-m\libg_nano.a(lib_a-init.o)
                0x00002498                __libc_init_array
 .text.memcpy   0x000024e4       0x16 d:/programming/cypress/psoc creator/4.0/psoc creator/import/gnu/arm/4.9.3/bin/../lib/gcc/arm-none-eabi/4.9.3/../../../../arm-none-eabi/lib/armv7-m\libg_nano.a(lib_a-memcpy.o)
                0x000024e4                memcpy
 .text.memset   0x000024fa       0x10 d:/programming/cypress/psoc creator/4.0/psoc creator/import/gnu/arm/4.9.3/bin/../lib/gcc/arm-none-eabi/4.9.3/../../../../arm-none-eabi/lib/armv7-m\libg_nano.a(lib_a-memset.o)
                0x000024fa                memset
 *(.plt)
 *(.gnu.warning)
 *(.glue_7t)
 .glue_7t       0x00000000        0x0 linker stubs
 *(.glue_7)
 .glue_7        0x00000000        0x0 linker stubs
 *(.vfp11_veneer)
 .vfp11_veneer  0x00000000        0x0 linker stubs
 *(.bootloader)
 *(.ARM.extab* .gnu.linkonce.armextab.*)
 *(.gcc_except_table)

.v4_bx          0x0000250c        0x0
 .v4_bx         0x00000000        0x0 linker stubs

.iplt           0x0000250c        0x0
 .iplt          0x00000000        0x0 d:/programming/cypress/psoc creator/4.0/psoc creator/import/gnu/arm/4.9.3/bin/../lib/gcc/arm-none-eabi/4.9.3/armv7-m/crtbegin.o

.eh_frame_hdr
 *(.eh_frame_hdr)

.eh_frame       0x0000250c        0x4
 *(.eh_frame)
 .eh_frame      0x0000250c        0x0 d:/programming/cypress/psoc creator/4.0/psoc creator/import/gnu/arm/4.9.3/bin/../lib/gcc/arm-none-eabi/4.9.3/armv7-m/crtbegin.o
 .eh_frame      0x0000250c        0x4 d:/programming/cypress/psoc creator/4.0/psoc creator/import/gnu/arm/4.9.3/bin/../lib/gcc/arm-none-eabi/4.9.3/armv7-m/crtend.o
                0x00002510                PROVIDE (__exidx_start, .)

.ARM.exidx
 *(.ARM.exidx* .gnu.linkonce.armexidx.*)
                0x00002510                __exidx_end = .

.rodata         0x00002510      0x1f0
 *(.rodata .rodata.* .gnu.linkonce.r.*)
 .rodata        0x00002510       0x5c .\CortexM3\ARM_GCC_493\Debug\Node-Jaguar.a(cyfitter_cfg.o)
 .rodata        0x0000256c      0x160 .\CortexM3\ARM_GCC_493\Debug\Node-Jaguar.a(CAN.o)
                0x000026cc                . = ALIGN (0x4)
 *(.init)
 .init          0x000026cc        0x4 d:/programming/cypress/psoc creator/4.0/psoc creator/import/gnu/arm/4.9.3/bin/../lib/gcc/arm-none-eabi/4.9.3/armv7-m/crti.o
                0x000026cc                _init
 .init          0x000026d0        0x8 d:/programming/cypress/psoc creator/4.0/psoc creator/import/gnu/arm/4.9.3/bin/../lib/gcc/arm-none-eabi/4.9.3/armv7-m/crtn.o
                0x000026d8                . = ALIGN (0x4)
                0x000026d8                __preinit_array_start = .
 *(.preinit_array)
                0x000026d8                __preinit_array_end = .
                0x000026d8                . = ALIGN (0x4)
                0x000026d8                __init_array_start = .
 *(SORT(.init_array.*))
 *(.init_array)
 .init_array    0x000026d8        0x4 d:/programming/cypress/psoc creator/4.0/psoc creator/import/gnu/arm/4.9.3/bin/../lib/gcc/arm-none-eabi/4.9.3/armv7-m/crtbegin.o
 .init_array    0x000026dc        0x4 .\CortexM3\ARM_GCC_493\Debug\Cm3Start.o
                0x000026e0                __init_array_end = .
                0x000026e0                . = ALIGN (0x4)
 *(.fini)
 .fini          0x000026e0        0x4 d:/programming/cypress/psoc creator/4.0/psoc creator/import/gnu/arm/4.9.3/bin/../lib/gcc/arm-none-eabi/4.9.3/armv7-m/crti.o
                0x000026e0                _fini
 .fini          0x000026e4        0x8 d:/programming/cypress/psoc creator/4.0/psoc creator/import/gnu/arm/4.9.3/bin/../lib/gcc/arm-none-eabi/4.9.3/armv7-m/crtn.o
                0x000026ec                . = ALIGN (0x4)
                0x000026ec                __fini_array_start = .
 *(.fini_array)
 .fini_array    0x000026ec        0x4 d:/programming/cypress/psoc creator/4.0/psoc creator/import/gnu/arm/4.9.3/bin/../lib/gcc/arm-none-eabi/4.9.3/armv7-m/crtbegin.o
 *(SORT(.fini_array.*))
                0x000026f0                __fini_array_end = .
                0x000026f0                . = ALIGN (0x4)
 *crtbegin.o(.ctors)
 *(EXCLUDE_FILE(*crtend.o) .ctors)
 *(SORT(.ctors.*))
 *crtend.o(.ctors)
                0x000026f0                . = ALIGN (0x4)
 *crtbegin.o(.dtors)
 *(EXCLUDE_FILE(*crtend.o) .dtors)
 *(SORT(.dtors.*))
 *crtend.o(.dtors)
                0x000026f0                . = ALIGN (0x4)
                0x000026f0                __cy_regions = .
                0x000026f0        0x4 LONG 0x2700 __cy_region_init_ram
                0x000026f4        0x4 LONG 0x1fff8108 __cy_region_start_data
                0x000026f8        0x4 LONG 0x68 __cy_region_init_size_ram
                0x000026fc        0x4 LONG 0x118 __cy_region_zero_size_ram
                0x00002700                __cy_regions_end = .
                0x00002700                . = ALIGN (0x8)
                0x00002700                _etext = .

.cy_checksum_exclude
                0x00002700        0x0
 *(.cy_checksum_exclude)

.ramvectors     0x1fff8000      0x100
                0x1fff8000                __cy_region_start_ram = .
 *(.ramvectors)
 .ramvectors    0x1fff8000      0x100 .\CortexM3\ARM_GCC_493\Debug\Cm3Start.o
                0x1fff8000                CyRamVectors

.noinit         0x1fff8100        0x5
 *(.noinit)
 .noinit        0x1fff8100        0x4 .\CortexM3\ARM_GCC_493\Debug\Cm3Start.o
 .noinit        0x1fff8104        0x1 .\CortexM3\ARM_GCC_493\Debug\Node-Jaguar.a(CyLib.o)
                0x1fff8104                CyResetStatus

.data           0x1fff8108       0x68 load address 0x00002700
                0x1fff8108                __cy_region_start_data = .
 *(.jcr)
 .jcr           0x1fff8108        0x0 d:/programming/cypress/psoc creator/4.0/psoc creator/import/gnu/arm/4.9.3/bin/../lib/gcc/arm-none-eabi/4.9.3/armv7-m/crtbegin.o
 .jcr           0x1fff8108        0x4 d:/programming/cypress/psoc creator/4.0/psoc creator/import/gnu/arm/4.9.3/bin/../lib/gcc/arm-none-eabi/4.9.3/armv7-m/crtend.o
 *(.got.plt)
 *(.got)
 *(.shdata)
 *(.data .data.* .gnu.linkonce.d.*)
 .data          0x1fff810c       0x50 .\CortexM3\ARM_GCC_493\Debug\led_manager.o
                0x1fff810c                bms_temp_map
                0x1fff8120                mtr_temp_map
                0x1fff8134                mtr_ctrl_temp_map
                0x1fff8148                SoC_pct_map
 .data          0x1fff815c       0x10 .\CortexM3\ARM_GCC_493\Debug\Node-Jaguar.a(CyLib.o)
                0x1fff815c                cydelay_freq_hz
                0x1fff8160                cydelay_freq_khz
                0x1fff8164                cydelay_freq_mhz
                0x1fff8168                cydelay_32k_ms
                0x1fff8170                . = ALIGN (0x8)
 *fill*         0x1fff816c        0x4 
 *(.ram)
                0x1fff8170                _edata = .

.igot.plt       0x1fff8170        0x0 load address 0x00002768
 .igot.plt      0x00000000        0x0 d:/programming/cypress/psoc creator/4.0/psoc creator/import/gnu/arm/4.9.3/bin/../lib/gcc/arm-none-eabi/4.9.3/armv7-m/crtbegin.o

.bss            0x1fff8170      0x118 load address 0x00002768
                0x1fff8170                PROVIDE (__bss_start__, .)
 *(.shbss)
 *(.bss .bss.* .gnu.linkonce.b.*)
 .bss           0x1fff8170       0x1c d:/programming/cypress/psoc creator/4.0/psoc creator/import/gnu/arm/4.9.3/bin/../lib/gcc/arm-none-eabi/4.9.3/armv7-m/crtbegin.o
 .bss           0x1fff818c       0x1c .\CortexM3\ARM_GCC_493\Debug\can_manga.o
                0x1fff818c                CAPACITOR_VOLT
                0x1fff818d                CURTIS_FAULT_CHECK
                0x1fff818e                CURTIS_HEART_BEAT_CHECK
                0x1fff818f                ACK_RX
                0x1fff8190                ERROR_TOLERANCE
                0x1fff8192                ABS_MOTOR_RPM
                0x1fff8194                THROTTLE_CHECK_BIT
                0x1fff8196                THROTTLE_HIGH
                0x1fff8197                THROTTLE_LOW
                0x1fff8198                BMS_TEMP
                0x1fff819a                MTR_TEMP
                0x1fff819c                MTR_CTRL_TEMP
                0x1fff81a0                BMS_VOLTAGE
                0x1fff81a4                SoC
 .bss           0x1fff81a8       0xd8 .\CortexM3\ARM_GCC_493\Debug\led_manager.o
                0x1fff81a8                byte05
                0x1fff81a9                byte06
                0x1fff81aa                byte07
                0x1fff81ab                byte08
                0x1fff81ac                byte05_2
                0x1fff81ad                byte06_2
                0x1fff81ae                byte07_2
                0x1fff81af                byte08_2
                0x1fff81b0                tach_arr
                0x1fff8208                b1_arr
                0x1fff821c                b2_arr
                0x1fff8230                b3_arr
                0x1fff8244                c1_arr
                0x1fff8258                tach_critical
                0x1fff825c                b1_critical
                0x1fff8260                b2_critical
                0x1fff8264                b3_critical
                0x1fff8268                c1_critical
                0x1fff826c                tach_crit_led
                0x1fff8270                b1_crit_led
                0x1fff8274                b2_crit_led
                0x1fff8278                b3_crit_led
                0x1fff827c                c1_crit_led
 .bss           0x1fff8280        0x1 .\CortexM3\ARM_GCC_493\Debug\Node-Jaguar.a(CAN.o)
                0x1fff8280                CAN_initVar
 .bss           0x1fff8281        0x1 .\CortexM3\ARM_GCC_493\Debug\Node-Jaguar.a(b1_critical_timer.o)
                0x1fff8281                b1_critical_timer_initVar
 .bss           0x1fff8282        0x1 .\CortexM3\ARM_GCC_493\Debug\Node-Jaguar.a(c1_critical_timer.o)
                0x1fff8282                c1_critical_timer_initVar
 *(COMMON)
 COMMON         0x1fff8283        0x1 .\CortexM3\ARM_GCC_493\Debug\Node-Jaguar.a(LED_Driver2.o)
                0x1fff8283                LED_Driver2_state
                0x1fff8288                . = ALIGN (0x8)
 *fill*         0x1fff8284        0x4 
 *(.ram.b)
                0x1fff8288                _end = .
                0x1fff8288                __end = .
                0x1fff8288                PROVIDE (end, .)
                0x1fff8288                PROVIDE (__bss_end__, .)
                0x00002700                __cy_region_init_ram = LOADADDR (.data)
                0x00000068                __cy_region_init_size_ram = (_edata - ADDR (.data))
                0x00000118                __cy_region_zero_size_ram = (_end - _edata)

.heap           0x1fff8288       0x80 load address 0x00002768
                0x1fff8288                . = _end
                0x1fff8308                . = (. + 0x80)
 *fill*         0x1fff8288       0x80 
                0x1fff8308                __cy_heap_limit = .

.stack          0x20007800      0x800
                0x20007800                __cy_stack_limit = .
                0x20008000                . = (. + 0x800)
 *fill*         0x20007800      0x800 
                0x00000001                ASSERT ((__cy_stack_limit >= __cy_heap_limit), region RAM overflowed with stack)
                0x00000000                cy_checksum_exclude_size = (CY_APPL_LOADABLE == 0x1)?SIZEOF (.cy_checksum_exclude):0x0
                0x00000001                ASSERT ((cy_checksum_exclude_size <= CY_CHECKSUM_EXCLUDE_SIZE), CY_BOOT: Section .cy_checksum_exclude size exceedes specified limit.)

.cyloadermeta
 *(.cyloadermeta)

.cyloadablemeta
 *(.cyloadablemeta)

.cyconfigecc    0x80000000     0x1078
 *(.cyconfigecc)
 .cyconfigecc   0x80000000     0x1078 .\CortexM3\ARM_GCC_493\Debug\cymetadata.o
                0x80000000                cy_meta_configecc

.cycustnvl      0x90000000        0x4
 *(.cycustnvl)
 .cycustnvl     0x90000000        0x4 .\CortexM3\ARM_GCC_493\Debug\cymetadata.o
                0x90000000                cy_meta_custnvl

.cywolatch      0x90100000        0x4
 *(.cywolatch)
 .cywolatch     0x90100000        0x4 .\CortexM3\ARM_GCC_493\Debug\cymetadata.o
                0x90100000                cy_meta_wonvl

.cyeeprom       0x90200000        0x0
 *(.cyeeprom)
                0x00000001                ASSERT ((. <= ((0x90200000 + ee_offset) + ee_size)), .cyeeprom data will not fit in EEPROM)

.cyflashprotect
                0x90400000      0x100
 *(.cyflashprotect)
 .cyflashprotect
                0x90400000      0x100 .\CortexM3\ARM_GCC_493\Debug\cymetadata.o
                0x90400000                cy_meta_flashprotect

.cymeta         0x90500000        0xc
 *(.cymeta)
 .cymeta        0x90500000        0xc .\CortexM3\ARM_GCC_493\Debug\cymetadata.o
                0x90500000                cy_metadata

.rel.dyn        0x00002768        0x0 load address 0x9050000c
 .rel.iplt      0x00000000        0x0 d:/programming/cypress/psoc creator/4.0/psoc creator/import/gnu/arm/4.9.3/bin/../lib/gcc/arm-none-eabi/4.9.3/armv7-m/crtbegin.o

.stab
 *(.stab)

.stabstr
 *(.stabstr)

.debug
 *(.debug)

.line
 *(.line)

.debug_srcinfo
 *(.debug_srcinfo)

.debug_sfnames
 *(.debug_sfnames)

.debug_aranges  0x00000000     0x1138
 *(.debug_aranges)
 .debug_aranges
                0x00000000       0x28 .\CortexM3\ARM_GCC_493\Debug\main.o
 .debug_aranges
                0x00000028       0x80 .\CortexM3\ARM_GCC_493\Debug\can_manga.o
 .debug_aranges
                0x000000a8      0x208 .\CortexM3\ARM_GCC_493\Debug\led_manager.o
 .debug_aranges
                0x000002b0       0x18 .\CortexM3\ARM_GCC_493\Debug\cymetadata.o
 .debug_aranges
                0x000002c8       0x48 .\CortexM3\ARM_GCC_493\Debug\Cm3Start.o
 .debug_aranges
                0x00000310       0x60 .\CortexM3\ARM_GCC_493\Debug\Node-Jaguar.a(cyfitter_cfg.o)
 .debug_aranges
                0x00000370       0xc8 .\CortexM3\ARM_GCC_493\Debug\Node-Jaguar.a(CAN.o)
 .debug_aranges
                0x00000438       0x28 .\CortexM3\ARM_GCC_493\Debug\Node-Jaguar.a(CAN_INT.o)
 .debug_aranges
                0x00000460       0x40 .\CortexM3\ARM_GCC_493\Debug\Node-Jaguar.a(CAN_TX_RX_func.o)
 .debug_aranges
                0x000004a0      0x298 .\CortexM3\ARM_GCC_493\Debug\Node-Jaguar.a(CyLib.o)
 .debug_aranges
                0x00000738       0x98 .\CortexM3\ARM_GCC_493\Debug\Node-Jaguar.a(cyPm.o)
 .debug_aranges
                0x000007d0       0x38 .\CortexM3\ARM_GCC_493\Debug\Node-Jaguar.a(Buzzer.o)
 .debug_aranges
                0x00000808       0x38 .\CortexM3\ARM_GCC_493\Debug\Node-Jaguar.a(HV.o)
 .debug_aranges
                0x00000840       0x38 .\CortexM3\ARM_GCC_493\Debug\Node-Jaguar.a(Drive.o)
 .debug_aranges
                0x00000878       0x38 .\CortexM3\ARM_GCC_493\Debug\Node-Jaguar.a(RGB3_1.o)
 .debug_aranges
                0x000008b0       0x38 .\CortexM3\ARM_GCC_493\Debug\Node-Jaguar.a(RGB2_1.o)
 .debug_aranges
                0x000008e8       0x38 .\CortexM3\ARM_GCC_493\Debug\Node-Jaguar.a(RGB1_1.o)
 .debug_aranges
                0x00000920       0x80 .\CortexM3\ARM_GCC_493\Debug\Node-Jaguar.a(LED_Driver1_MASTER.o)
 .debug_aranges
                0x000009a0       0x38 .\CortexM3\ARM_GCC_493\Debug\Node-Jaguar.a(LED_Driver2.o)
 .debug_aranges
                0x000009d8       0x20 .\CortexM3\ARM_GCC_493\Debug\Node-Jaguar.a(LED_Driver2_INT.o)
 .debug_aranges
                0x000009f8       0x80 .\CortexM3\ARM_GCC_493\Debug\Node-Jaguar.a(LED_Driver2_MASTER.o)
 .debug_aranges
                0x00000a78       0x90 .\CortexM3\ARM_GCC_493\Debug\Node-Jaguar.a(b1_critical_timer.o)
 .debug_aranges
                0x00000b08       0x80 .\CortexM3\ARM_GCC_493\Debug\Node-Jaguar.a(b1_crit_int.o)
 .debug_aranges
                0x00000b88       0x90 .\CortexM3\ARM_GCC_493\Debug\Node-Jaguar.a(b2_critical_timer.o)
 .debug_aranges
                0x00000c18       0x80 .\CortexM3\ARM_GCC_493\Debug\Node-Jaguar.a(b2_crit_int.o)
 .debug_aranges
                0x00000c98       0x90 .\CortexM3\ARM_GCC_493\Debug\Node-Jaguar.a(b3_critical_timer.o)
 .debug_aranges
                0x00000d28       0x80 .\CortexM3\ARM_GCC_493\Debug\Node-Jaguar.a(b3_crit_int.o)
 .debug_aranges
                0x00000da8       0x90 .\CortexM3\ARM_GCC_493\Debug\Node-Jaguar.a(c1_critical_timer.o)
 .debug_aranges
                0x00000e38       0x80 .\CortexM3\ARM_GCC_493\Debug\Node-Jaguar.a(c1_crit_int.o)
 .debug_aranges
                0x00000eb8       0x90 .\CortexM3\ARM_GCC_493\Debug\Node-Jaguar.a(tach_critical_timer.o)
 .debug_aranges
                0x00000f48       0x80 .\CortexM3\ARM_GCC_493\Debug\Node-Jaguar.a(tach_crit_int.o)
 .debug_aranges
                0x00000fc8       0x20 .\CortexM3\ARM_GCC_493\Debug\Node-Jaguar.a(CyBootAsmGnu.o)
 .debug_aranges
                0x00000fe8       0x80 .\CortexM3\ARM_GCC_493\Debug\Node-Jaguar.a(CyFlash.o)
 .debug_aranges
                0x00001068       0x78 .\CortexM3\ARM_GCC_493\Debug\Node-Jaguar.a(CySpc.o)
 .debug_aranges
                0x000010e0       0x38 .\CortexM3\ARM_GCC_493\Debug\Node-Jaguar.a(LED_Driver1.o)
 .debug_aranges
                0x00001118       0x20 .\CortexM3\ARM_GCC_493\Debug\Node-Jaguar.a(LED_Driver1_INT.o)

.debug_pubnames
 *(.debug_pubnames)

.debug_info     0x00000000     0x7368
 *(.debug_info .gnu.linkonce.wi.*)
 .debug_info    0x00000000      0x35f .\CortexM3\ARM_GCC_493\Debug\main.o
 .debug_info    0x0000035f      0x49f .\CortexM3\ARM_GCC_493\Debug\can_manga.o
 .debug_info    0x000007fe      0xea8 .\CortexM3\ARM_GCC_493\Debug\led_manager.o
 .debug_info    0x000016a6      0x13f .\CortexM3\ARM_GCC_493\Debug\cymetadata.o
 .debug_info    0x000017e5      0x319 .\CortexM3\ARM_GCC_493\Debug\Cm3Start.o
 .debug_info    0x00001afe      0x44b .\CortexM3\ARM_GCC_493\Debug\Node-Jaguar.a(cyfitter_cfg.o)
 .debug_info    0x00001f49      0x781 .\CortexM3\ARM_GCC_493\Debug\Node-Jaguar.a(CAN.o)
 .debug_info    0x000026ca      0x1db .\CortexM3\ARM_GCC_493\Debug\Node-Jaguar.a(CAN_INT.o)
 .debug_info    0x000028a5      0x429 .\CortexM3\ARM_GCC_493\Debug\Node-Jaguar.a(CAN_TX_RX_func.o)
 .debug_info    0x00002cce      0xe36 .\CortexM3\ARM_GCC_493\Debug\Node-Jaguar.a(CyLib.o)
 .debug_info    0x00003b04      0x562 .\CortexM3\ARM_GCC_493\Debug\Node-Jaguar.a(cyPm.o)
 .debug_info    0x00004066      0x11e .\CortexM3\ARM_GCC_493\Debug\Node-Jaguar.a(Buzzer.o)
 .debug_info    0x00004184      0x11e .\CortexM3\ARM_GCC_493\Debug\Node-Jaguar.a(HV.o)
 .debug_info    0x000042a2      0x11e .\CortexM3\ARM_GCC_493\Debug\Node-Jaguar.a(Drive.o)
 .debug_info    0x000043c0      0x11e .\CortexM3\ARM_GCC_493\Debug\Node-Jaguar.a(RGB3_1.o)
 .debug_info    0x000044de      0x11e .\CortexM3\ARM_GCC_493\Debug\Node-Jaguar.a(RGB2_1.o)
 .debug_info    0x000045fc      0x11e .\CortexM3\ARM_GCC_493\Debug\Node-Jaguar.a(RGB1_1.o)
 .debug_info    0x0000471a      0x3f1 .\CortexM3\ARM_GCC_493\Debug\Node-Jaguar.a(LED_Driver1_MASTER.o)
 .debug_info    0x00004b0b      0x15c .\CortexM3\ARM_GCC_493\Debug\Node-Jaguar.a(LED_Driver2.o)
 .debug_info    0x00004c67      0x14f .\CortexM3\ARM_GCC_493\Debug\Node-Jaguar.a(LED_Driver2_INT.o)
 .debug_info    0x00004db6      0x3f1 .\CortexM3\ARM_GCC_493\Debug\Node-Jaguar.a(LED_Driver2_MASTER.o)
 .debug_info    0x000051a7      0x254 .\CortexM3\ARM_GCC_493\Debug\Node-Jaguar.a(b1_critical_timer.o)
 .debug_info    0x000053fb      0x23a .\CortexM3\ARM_GCC_493\Debug\Node-Jaguar.a(b1_crit_int.o)
 .debug_info    0x00005635      0x254 .\CortexM3\ARM_GCC_493\Debug\Node-Jaguar.a(b2_critical_timer.o)
 .debug_info    0x00005889      0x23a .\CortexM3\ARM_GCC_493\Debug\Node-Jaguar.a(b2_crit_int.o)
 .debug_info    0x00005ac3      0x254 .\CortexM3\ARM_GCC_493\Debug\Node-Jaguar.a(b3_critical_timer.o)
 .debug_info    0x00005d17      0x23a .\CortexM3\ARM_GCC_493\Debug\Node-Jaguar.a(b3_crit_int.o)
 .debug_info    0x00005f51      0x254 .\CortexM3\ARM_GCC_493\Debug\Node-Jaguar.a(c1_critical_timer.o)
 .debug_info    0x000061a5      0x23a .\CortexM3\ARM_GCC_493\Debug\Node-Jaguar.a(c1_crit_int.o)
 .debug_info    0x000063df      0x254 .\CortexM3\ARM_GCC_493\Debug\Node-Jaguar.a(tach_critical_timer.o)
 .debug_info    0x00006633      0x23a .\CortexM3\ARM_GCC_493\Debug\Node-Jaguar.a(tach_crit_int.o)
 .debug_info    0x0000686d       0x8b .\CortexM3\ARM_GCC_493\Debug\Node-Jaguar.a(CyBootAsmGnu.o)
 .debug_info    0x000068f8      0x36c .\CortexM3\ARM_GCC_493\Debug\Node-Jaguar.a(CyFlash.o)
 .debug_info    0x00006c64      0x459 .\CortexM3\ARM_GCC_493\Debug\Node-Jaguar.a(CySpc.o)
 .debug_info    0x000070bd      0x15c .\CortexM3\ARM_GCC_493\Debug\Node-Jaguar.a(LED_Driver1.o)
 .debug_info    0x00007219      0x14f .\CortexM3\ARM_GCC_493\Debug\Node-Jaguar.a(LED_Driver1_INT.o)

.debug_abbrev   0x00000000     0x2671
 *(.debug_abbrev)
 .debug_abbrev  0x00000000      0x133 .\CortexM3\ARM_GCC_493\Debug\main.o
 .debug_abbrev  0x00000133      0x14a .\CortexM3\ARM_GCC_493\Debug\can_manga.o
 .debug_abbrev  0x0000027d      0x19d .\CortexM3\ARM_GCC_493\Debug\led_manager.o
 .debug_abbrev  0x0000041a       0x77 .\CortexM3\ARM_GCC_493\Debug\cymetadata.o
 .debug_abbrev  0x00000491      0x1b6 .\CortexM3\ARM_GCC_493\Debug\Cm3Start.o
 .debug_abbrev  0x00000647      0x1b7 .\CortexM3\ARM_GCC_493\Debug\Node-Jaguar.a(cyfitter_cfg.o)
 .debug_abbrev  0x000007fe      0x153 .\CortexM3\ARM_GCC_493\Debug\Node-Jaguar.a(CAN.o)
 .debug_abbrev  0x00000951       0xba .\CortexM3\ARM_GCC_493\Debug\Node-Jaguar.a(CAN_INT.o)
 .debug_abbrev  0x00000a0b      0x17d .\CortexM3\ARM_GCC_493\Debug\Node-Jaguar.a(CAN_TX_RX_func.o)
 .debug_abbrev  0x00000b88      0x217 .\CortexM3\ARM_GCC_493\Debug\Node-Jaguar.a(CyLib.o)
 .debug_abbrev  0x00000d9f      0x161 .\CortexM3\ARM_GCC_493\Debug\Node-Jaguar.a(cyPm.o)
 .debug_abbrev  0x00000f00       0x90 .\CortexM3\ARM_GCC_493\Debug\Node-Jaguar.a(Buzzer.o)
 .debug_abbrev  0x00000f90       0x90 .\CortexM3\ARM_GCC_493\Debug\Node-Jaguar.a(HV.o)
 .debug_abbrev  0x00001020       0x90 .\CortexM3\ARM_GCC_493\Debug\Node-Jaguar.a(Drive.o)
 .debug_abbrev  0x000010b0       0x90 .\CortexM3\ARM_GCC_493\Debug\Node-Jaguar.a(RGB3_1.o)
 .debug_abbrev  0x00001140       0x90 .\CortexM3\ARM_GCC_493\Debug\Node-Jaguar.a(RGB2_1.o)
 .debug_abbrev  0x000011d0       0x90 .\CortexM3\ARM_GCC_493\Debug\Node-Jaguar.a(RGB1_1.o)
 .debug_abbrev  0x00001260      0x11e .\CortexM3\ARM_GCC_493\Debug\Node-Jaguar.a(LED_Driver1_MASTER.o)
 .debug_abbrev  0x0000137e       0xb9 .\CortexM3\ARM_GCC_493\Debug\Node-Jaguar.a(LED_Driver2.o)
 .debug_abbrev  0x00001437       0x81 .\CortexM3\ARM_GCC_493\Debug\Node-Jaguar.a(LED_Driver2_INT.o)
 .debug_abbrev  0x000014b8      0x11e .\CortexM3\ARM_GCC_493\Debug\Node-Jaguar.a(LED_Driver2_MASTER.o)
 .debug_abbrev  0x000015d6      0x11b .\CortexM3\ARM_GCC_493\Debug\Node-Jaguar.a(b1_critical_timer.o)
 .debug_abbrev  0x000016f1      0x172 .\CortexM3\ARM_GCC_493\Debug\Node-Jaguar.a(b1_crit_int.o)
 .debug_abbrev  0x00001863      0x11b .\CortexM3\ARM_GCC_493\Debug\Node-Jaguar.a(b2_critical_timer.o)
 .debug_abbrev  0x0000197e      0x172 .\CortexM3\ARM_GCC_493\Debug\Node-Jaguar.a(b2_crit_int.o)
 .debug_abbrev  0x00001af0      0x11b .\CortexM3\ARM_GCC_493\Debug\Node-Jaguar.a(b3_critical_timer.o)
 .debug_abbrev  0x00001c0b      0x172 .\CortexM3\ARM_GCC_493\Debug\Node-Jaguar.a(b3_crit_int.o)
 .debug_abbrev  0x00001d7d      0x11b .\CortexM3\ARM_GCC_493\Debug\Node-Jaguar.a(c1_critical_timer.o)
 .debug_abbrev  0x00001e98      0x172 .\CortexM3\ARM_GCC_493\Debug\Node-Jaguar.a(c1_crit_int.o)
 .debug_abbrev  0x0000200a      0x11b .\CortexM3\ARM_GCC_493\Debug\Node-Jaguar.a(tach_critical_timer.o)
 .debug_abbrev  0x00002125      0x172 .\CortexM3\ARM_GCC_493\Debug\Node-Jaguar.a(tach_crit_int.o)
 .debug_abbrev  0x00002297       0x14 .\CortexM3\ARM_GCC_493\Debug\Node-Jaguar.a(CyBootAsmGnu.o)
 .debug_abbrev  0x000022ab      0x120 .\CortexM3\ARM_GCC_493\Debug\Node-Jaguar.a(CyFlash.o)
 .debug_abbrev  0x000023cb      0x16c .\CortexM3\ARM_GCC_493\Debug\Node-Jaguar.a(CySpc.o)
 .debug_abbrev  0x00002537       0xb9 .\CortexM3\ARM_GCC_493\Debug\Node-Jaguar.a(LED_Driver1.o)
 .debug_abbrev  0x000025f0       0x81 .\CortexM3\ARM_GCC_493\Debug\Node-Jaguar.a(LED_Driver1_INT.o)

.debug_line     0x00000000     0x42cc
 *(.debug_line)
 .debug_line    0x00000000      0x233 .\CortexM3\ARM_GCC_493\Debug\main.o
 .debug_line    0x00000233      0x294 .\CortexM3\ARM_GCC_493\Debug\can_manga.o
 .debug_line    0x000004c7      0x950 .\CortexM3\ARM_GCC_493\Debug\led_manager.o
 .debug_line    0x00000e17       0x51 .\CortexM3\ARM_GCC_493\Debug\cymetadata.o
 .debug_line    0x00000e68      0x1cc .\CortexM3\ARM_GCC_493\Debug\Cm3Start.o
 .debug_line    0x00001034      0x216 .\CortexM3\ARM_GCC_493\Debug\Node-Jaguar.a(cyfitter_cfg.o)
 .debug_line    0x0000124a      0x344 .\CortexM3\ARM_GCC_493\Debug\Node-Jaguar.a(CAN.o)
 .debug_line    0x0000158e       0x9d .\CortexM3\ARM_GCC_493\Debug\Node-Jaguar.a(CAN_INT.o)
 .debug_line    0x0000162b      0x27d .\CortexM3\ARM_GCC_493\Debug\Node-Jaguar.a(CAN_TX_RX_func.o)
 .debug_line    0x000018a8      0x870 .\CortexM3\ARM_GCC_493\Debug\Node-Jaguar.a(CyLib.o)
 .debug_line    0x00002118      0x37f .\CortexM3\ARM_GCC_493\Debug\Node-Jaguar.a(cyPm.o)
 .debug_line    0x00002497       0x95 .\CortexM3\ARM_GCC_493\Debug\Node-Jaguar.a(Buzzer.o)
 .debug_line    0x0000252c       0x91 .\CortexM3\ARM_GCC_493\Debug\Node-Jaguar.a(HV.o)
 .debug_line    0x000025bd       0x94 .\CortexM3\ARM_GCC_493\Debug\Node-Jaguar.a(Drive.o)
 .debug_line    0x00002651       0x95 .\CortexM3\ARM_GCC_493\Debug\Node-Jaguar.a(RGB3_1.o)
 .debug_line    0x000026e6       0x95 .\CortexM3\ARM_GCC_493\Debug\Node-Jaguar.a(RGB2_1.o)
 .debug_line    0x0000277b       0x95 .\CortexM3\ARM_GCC_493\Debug\Node-Jaguar.a(RGB1_1.o)
 .debug_line    0x00002810      0x221 .\CortexM3\ARM_GCC_493\Debug\Node-Jaguar.a(LED_Driver1_MASTER.o)
 .debug_line    0x00002a31       0xd1 .\CortexM3\ARM_GCC_493\Debug\Node-Jaguar.a(LED_Driver2.o)
 .debug_line    0x00002b02      0x122 .\CortexM3\ARM_GCC_493\Debug\Node-Jaguar.a(LED_Driver2_INT.o)
 .debug_line    0x00002c24      0x221 .\CortexM3\ARM_GCC_493\Debug\Node-Jaguar.a(LED_Driver2_MASTER.o)
 .debug_line    0x00002e45      0x17a .\CortexM3\ARM_GCC_493\Debug\Node-Jaguar.a(b1_critical_timer.o)
 .debug_line    0x00002fbf      0x156 .\CortexM3\ARM_GCC_493\Debug\Node-Jaguar.a(b1_crit_int.o)
 .debug_line    0x00003115      0x17a .\CortexM3\ARM_GCC_493\Debug\Node-Jaguar.a(b2_critical_timer.o)
 .debug_line    0x0000328f      0x156 .\CortexM3\ARM_GCC_493\Debug\Node-Jaguar.a(b2_crit_int.o)
 .debug_line    0x000033e5      0x17a .\CortexM3\ARM_GCC_493\Debug\Node-Jaguar.a(b3_critical_timer.o)
 .debug_line    0x0000355f      0x156 .\CortexM3\ARM_GCC_493\Debug\Node-Jaguar.a(b3_crit_int.o)
 .debug_line    0x000036b5      0x17a .\CortexM3\ARM_GCC_493\Debug\Node-Jaguar.a(c1_critical_timer.o)
 .debug_line    0x0000382f      0x156 .\CortexM3\ARM_GCC_493\Debug\Node-Jaguar.a(c1_crit_int.o)
 .debug_line    0x00003985      0x17c .\CortexM3\ARM_GCC_493\Debug\Node-Jaguar.a(tach_critical_timer.o)
 .debug_line    0x00003b01      0x158 .\CortexM3\ARM_GCC_493\Debug\Node-Jaguar.a(tach_crit_int.o)
 .debug_line    0x00003c59       0x66 .\CortexM3\ARM_GCC_493\Debug\Node-Jaguar.a(CyBootAsmGnu.o)
 .debug_line    0x00003cbf      0x205 .\CortexM3\ARM_GCC_493\Debug\Node-Jaguar.a(CyFlash.o)
 .debug_line    0x00003ec4      0x215 .\CortexM3\ARM_GCC_493\Debug\Node-Jaguar.a(CySpc.o)
 .debug_line    0x000040d9       0xd1 .\CortexM3\ARM_GCC_493\Debug\Node-Jaguar.a(LED_Driver1.o)
 .debug_line    0x000041aa      0x122 .\CortexM3\ARM_GCC_493\Debug\Node-Jaguar.a(LED_Driver1_INT.o)

.debug_frame    0x00000000     0x4374
 *(.debug_frame)
 .debug_frame   0x00000000       0x58 .\CortexM3\ARM_GCC_493\Debug\main.o
 .debug_frame   0x00000058      0x1f8 .\CortexM3\ARM_GCC_493\Debug\can_manga.o
 .debug_frame   0x00000250      0x93c .\CortexM3\ARM_GCC_493\Debug\led_manager.o
 .debug_frame   0x00000b8c       0xd8 .\CortexM3\ARM_GCC_493\Debug\Cm3Start.o
 .debug_frame   0x00000c64      0x16c .\CortexM3\ARM_GCC_493\Debug\Node-Jaguar.a(cyfitter_cfg.o)
 .debug_frame   0x00000dd0      0x374 .\CortexM3\ARM_GCC_493\Debug\Node-Jaguar.a(CAN.o)
 .debug_frame   0x00001144       0x54 .\CortexM3\ARM_GCC_493\Debug\Node-Jaguar.a(CAN_INT.o)
 .debug_frame   0x00001198       0xdc .\CortexM3\ARM_GCC_493\Debug\Node-Jaguar.a(CAN_TX_RX_func.o)
 .debug_frame   0x00001274      0xbe8 .\CortexM3\ARM_GCC_493\Debug\Node-Jaguar.a(CyLib.o)
 .debug_frame   0x00001e5c      0x234 .\CortexM3\ARM_GCC_493\Debug\Node-Jaguar.a(cyPm.o)
 .debug_frame   0x00002090       0xa8 .\CortexM3\ARM_GCC_493\Debug\Node-Jaguar.a(Buzzer.o)
 .debug_frame   0x00002138       0xa8 .\CortexM3\ARM_GCC_493\Debug\Node-Jaguar.a(HV.o)
 .debug_frame   0x000021e0       0xa8 .\CortexM3\ARM_GCC_493\Debug\Node-Jaguar.a(Drive.o)
 .debug_frame   0x00002288       0xa8 .\CortexM3\ARM_GCC_493\Debug\Node-Jaguar.a(RGB3_1.o)
 .debug_frame   0x00002330       0xa8 .\CortexM3\ARM_GCC_493\Debug\Node-Jaguar.a(RGB2_1.o)
 .debug_frame   0x000023d8       0xa8 .\CortexM3\ARM_GCC_493\Debug\Node-Jaguar.a(RGB1_1.o)
 .debug_frame   0x00002480      0x208 .\CortexM3\ARM_GCC_493\Debug\Node-Jaguar.a(LED_Driver1_MASTER.o)
 .debug_frame   0x00002688       0x9c .\CortexM3\ARM_GCC_493\Debug\Node-Jaguar.a(LED_Driver2.o)
 .debug_frame   0x00002724       0x38 .\CortexM3\ARM_GCC_493\Debug\Node-Jaguar.a(LED_Driver2_INT.o)
 .debug_frame   0x0000275c      0x208 .\CortexM3\ARM_GCC_493\Debug\Node-Jaguar.a(LED_Driver2_MASTER.o)
 .debug_frame   0x00002964      0x230 .\CortexM3\ARM_GCC_493\Debug\Node-Jaguar.a(b1_critical_timer.o)
 .debug_frame   0x00002b94      0x1e8 .\CortexM3\ARM_GCC_493\Debug\Node-Jaguar.a(b1_crit_int.o)
 .debug_frame   0x00002d7c      0x230 .\CortexM3\ARM_GCC_493\Debug\Node-Jaguar.a(b2_critical_timer.o)
 .debug_frame   0x00002fac      0x1e8 .\CortexM3\ARM_GCC_493\Debug\Node-Jaguar.a(b2_crit_int.o)
 .debug_frame   0x00003194      0x230 .\CortexM3\ARM_GCC_493\Debug\Node-Jaguar.a(b3_critical_timer.o)
 .debug_frame   0x000033c4      0x1e8 .\CortexM3\ARM_GCC_493\Debug\Node-Jaguar.a(b3_crit_int.o)
 .debug_frame   0x000035ac      0x230 .\CortexM3\ARM_GCC_493\Debug\Node-Jaguar.a(c1_critical_timer.o)
 .debug_frame   0x000037dc      0x1e8 .\CortexM3\ARM_GCC_493\Debug\Node-Jaguar.a(c1_crit_int.o)
 .debug_frame   0x000039c4      0x230 .\CortexM3\ARM_GCC_493\Debug\Node-Jaguar.a(tach_critical_timer.o)
 .debug_frame   0x00003bf4      0x1e8 .\CortexM3\ARM_GCC_493\Debug\Node-Jaguar.a(tach_crit_int.o)
 .debug_frame   0x00003ddc      0x210 .\CortexM3\ARM_GCC_493\Debug\Node-Jaguar.a(CyFlash.o)
 .debug_frame   0x00003fec      0x1f8 .\CortexM3\ARM_GCC_493\Debug\Node-Jaguar.a(CySpc.o)
 .debug_frame   0x000041e4       0x9c .\CortexM3\ARM_GCC_493\Debug\Node-Jaguar.a(LED_Driver1.o)
 .debug_frame   0x00004280       0x38 .\CortexM3\ARM_GCC_493\Debug\Node-Jaguar.a(LED_Driver1_INT.o)
 .debug_frame   0x000042b8       0x20 d:/programming/cypress/psoc creator/4.0/psoc creator/import/gnu/arm/4.9.3/bin/../lib/gcc/arm-none-eabi/4.9.3/../../../../arm-none-eabi/lib/armv7-m\libg_nano.a(lib_a-errno.o)
 .debug_frame   0x000042d8       0x28 d:/programming/cypress/psoc creator/4.0/psoc creator/import/gnu/arm/4.9.3/bin/../lib/gcc/arm-none-eabi/4.9.3/../../../../arm-none-eabi/lib/armv7-m\libg_nano.a(lib_a-exit.o)
 .debug_frame   0x00004300       0x2c d:/programming/cypress/psoc creator/4.0/psoc creator/import/gnu/arm/4.9.3/bin/../lib/gcc/arm-none-eabi/4.9.3/../../../../arm-none-eabi/lib/armv7-m\libg_nano.a(lib_a-init.o)
 .debug_frame   0x0000432c       0x28 d:/programming/cypress/psoc creator/4.0/psoc creator/import/gnu/arm/4.9.3/bin/../lib/gcc/arm-none-eabi/4.9.3/../../../../arm-none-eabi/lib/armv7-m\libg_nano.a(lib_a-memcpy.o)
 .debug_frame   0x00004354       0x20 d:/programming/cypress/psoc creator/4.0/psoc creator/import/gnu/arm/4.9.3/bin/../lib/gcc/arm-none-eabi/4.9.3/../../../../arm-none-eabi/lib/armv7-m\libg_nano.a(lib_a-memset.o)

.debug_str      0x00000000     0x3767
 *(.debug_str)
 .debug_str     0x00000000      0x2b9 .\CortexM3\ARM_GCC_493\Debug\main.o
                                0x360 (size before relaxing)
 .debug_str     0x000002b9      0x1fb .\CortexM3\ARM_GCC_493\Debug\can_manga.o
                                0x3e7 (size before relaxing)
 .debug_str     0x000004b4      0x410 .\CortexM3\ARM_GCC_493\Debug\led_manager.o
                                0x5e6 (size before relaxing)
 .debug_str     0x000008c4       0x75 .\CortexM3\ARM_GCC_493\Debug\cymetadata.o
                                0x1e5 (size before relaxing)
 .debug_str     0x00000939      0x12b .\CortexM3\ARM_GCC_493\Debug\Cm3Start.o
                                0x2c6 (size before relaxing)
 .debug_str     0x00000a64      0x191 .\CortexM3\ARM_GCC_493\Debug\Node-Jaguar.a(cyfitter_cfg.o)
                                0x327 (size before relaxing)
 .debug_str     0x00000bf5      0x293 .\CortexM3\ARM_GCC_493\Debug\Node-Jaguar.a(CAN.o)
                                0x483 (size before relaxing)
 .debug_str     0x00000e88       0x4a .\CortexM3\ARM_GCC_493\Debug\Node-Jaguar.a(CAN_INT.o)
                                0x225 (size before relaxing)
 .debug_str     0x00000ed2       0xa7 .\CortexM3\ARM_GCC_493\Debug\Node-Jaguar.a(CAN_TX_RX_func.o)
                                0x2f1 (size before relaxing)
 .debug_str     0x00000f79      0x7d4 .\CortexM3\ARM_GCC_493\Debug\Node-Jaguar.a(CyLib.o)
                                0x9c1 (size before relaxing)
 .debug_str     0x0000174d      0x365 .\CortexM3\ARM_GCC_493\Debug\Node-Jaguar.a(cyPm.o)
                                0x526 (size before relaxing)
 .debug_str     0x00001ab2       0x6b .\CortexM3\ARM_GCC_493\Debug\Node-Jaguar.a(Buzzer.o)
                                0x1e2 (size before relaxing)
 .debug_str     0x00001b1d       0x4c .\CortexM3\ARM_GCC_493\Debug\Node-Jaguar.a(HV.o)
                                0x1ce (size before relaxing)
 .debug_str     0x00001b69       0x5b .\CortexM3\ARM_GCC_493\Debug\Node-Jaguar.a(Drive.o)
                                0x1dd (size before relaxing)
 .debug_str     0x00001bc4       0x60 .\CortexM3\ARM_GCC_493\Debug\Node-Jaguar.a(RGB3_1.o)
                                0x1e2 (size before relaxing)
 .debug_str     0x00001c24       0x60 .\CortexM3\ARM_GCC_493\Debug\Node-Jaguar.a(RGB2_1.o)
                                0x1e2 (size before relaxing)
 .debug_str     0x00001c84       0x60 .\CortexM3\ARM_GCC_493\Debug\Node-Jaguar.a(RGB1_1.o)
                                0x1e2 (size before relaxing)
 .debug_str     0x00001ce4      0x2bd .\CortexM3\ARM_GCC_493\Debug\Node-Jaguar.a(LED_Driver1_MASTER.o)
                                0x44b (size before relaxing)
 .debug_str     0x00001fa1       0xdf .\CortexM3\ARM_GCC_493\Debug\Node-Jaguar.a(LED_Driver2.o)
                                0x26a (size before relaxing)
 .debug_str     0x00002080       0xbe .\CortexM3\ARM_GCC_493\Debug\Node-Jaguar.a(LED_Driver2_INT.o)
                                0x29f (size before relaxing)
 .debug_str     0x0000213e      0x1a6 .\CortexM3\ARM_GCC_493\Debug\Node-Jaguar.a(LED_Driver2_MASTER.o)
                                0x44b (size before relaxing)
 .debug_str     0x000022e4      0x253 .\CortexM3\ARM_GCC_493\Debug\Node-Jaguar.a(b1_critical_timer.o)
                                0x3d5 (size before relaxing)
 .debug_str     0x00002537      0x13a .\CortexM3\ARM_GCC_493\Debug\Node-Jaguar.a(b1_crit_int.o)
                                0x2e9 (size before relaxing)
 .debug_str     0x00002671      0x22e .\CortexM3\ARM_GCC_493\Debug\Node-Jaguar.a(b2_critical_timer.o)
                                0x3d5 (size before relaxing)
 .debug_str     0x0000289f      0x13a .\CortexM3\ARM_GCC_493\Debug\Node-Jaguar.a(b2_crit_int.o)
                                0x2e9 (size before relaxing)
 .debug_str     0x000029d9      0x22e .\CortexM3\ARM_GCC_493\Debug\Node-Jaguar.a(b3_critical_timer.o)
                                0x3d5 (size before relaxing)
 .debug_str     0x00002c07      0x13a .\CortexM3\ARM_GCC_493\Debug\Node-Jaguar.a(b3_crit_int.o)
                                0x2e9 (size before relaxing)
 .debug_str     0x00002d41      0x22e .\CortexM3\ARM_GCC_493\Debug\Node-Jaguar.a(c1_critical_timer.o)
                                0x3d5 (size before relaxing)
 .debug_str     0x00002f6f      0x13a .\CortexM3\ARM_GCC_493\Debug\Node-Jaguar.a(c1_crit_int.o)
                                0x2e9 (size before relaxing)
 .debug_str     0x000030a9      0x252 .\CortexM3\ARM_GCC_493\Debug\Node-Jaguar.a(tach_critical_timer.o)
                                0x3f9 (size before relaxing)
 .debug_str     0x000032fb      0x156 .\CortexM3\ARM_GCC_493\Debug\Node-Jaguar.a(tach_crit_int.o)
                                0x305 (size before relaxing)
 .debug_str     0x00003451      0x13e .\CortexM3\ARM_GCC_493\Debug\Node-Jaguar.a(CyFlash.o)
                                0x2e5 (size before relaxing)
 .debug_str     0x0000358f      0x11f .\CortexM3\ARM_GCC_493\Debug\Node-Jaguar.a(CySpc.o)
                                0x2e2 (size before relaxing)
 .debug_str     0x000036ae       0x80 .\CortexM3\ARM_GCC_493\Debug\Node-Jaguar.a(LED_Driver1.o)
                                0x26a (size before relaxing)
 .debug_str     0x0000372e       0x39 .\CortexM3\ARM_GCC_493\Debug\Node-Jaguar.a(LED_Driver1_INT.o)
                                0x29f (size before relaxing)

.debug_loc
 *(.debug_loc)

.debug_macinfo
 *(.debug_macinfo)

.debug_ranges   0x00000000      0xee0
 *(.debug_ranges)
 .debug_ranges  0x00000000       0x18 .\CortexM3\ARM_GCC_493\Debug\main.o
 .debug_ranges  0x00000018       0x70 .\CortexM3\ARM_GCC_493\Debug\can_manga.o
 .debug_ranges  0x00000088      0x1f8 .\CortexM3\ARM_GCC_493\Debug\led_manager.o
 .debug_ranges  0x00000280       0x38 .\CortexM3\ARM_GCC_493\Debug\Cm3Start.o
 .debug_ranges  0x000002b8       0x50 .\CortexM3\ARM_GCC_493\Debug\Node-Jaguar.a(cyfitter_cfg.o)
 .debug_ranges  0x00000308       0xb8 .\CortexM3\ARM_GCC_493\Debug\Node-Jaguar.a(CAN.o)
 .debug_ranges  0x000003c0       0x18 .\CortexM3\ARM_GCC_493\Debug\Node-Jaguar.a(CAN_INT.o)
 .debug_ranges  0x000003d8       0x30 .\CortexM3\ARM_GCC_493\Debug\Node-Jaguar.a(CAN_TX_RX_func.o)
 .debug_ranges  0x00000408      0x288 .\CortexM3\ARM_GCC_493\Debug\Node-Jaguar.a(CyLib.o)
 .debug_ranges  0x00000690       0x88 .\CortexM3\ARM_GCC_493\Debug\Node-Jaguar.a(cyPm.o)
 .debug_ranges  0x00000718       0x28 .\CortexM3\ARM_GCC_493\Debug\Node-Jaguar.a(Buzzer.o)
 .debug_ranges  0x00000740       0x28 .\CortexM3\ARM_GCC_493\Debug\Node-Jaguar.a(HV.o)
 .debug_ranges  0x00000768       0x28 .\CortexM3\ARM_GCC_493\Debug\Node-Jaguar.a(Drive.o)
 .debug_ranges  0x00000790       0x28 .\CortexM3\ARM_GCC_493\Debug\Node-Jaguar.a(RGB3_1.o)
 .debug_ranges  0x000007b8       0x28 .\CortexM3\ARM_GCC_493\Debug\Node-Jaguar.a(RGB2_1.o)
 .debug_ranges  0x000007e0       0x28 .\CortexM3\ARM_GCC_493\Debug\Node-Jaguar.a(RGB1_1.o)
 .debug_ranges  0x00000808       0x70 .\CortexM3\ARM_GCC_493\Debug\Node-Jaguar.a(LED_Driver1_MASTER.o)
 .debug_ranges  0x00000878       0x28 .\CortexM3\ARM_GCC_493\Debug\Node-Jaguar.a(LED_Driver2.o)
 .debug_ranges  0x000008a0       0x10 .\CortexM3\ARM_GCC_493\Debug\Node-Jaguar.a(LED_Driver2_INT.o)
 .debug_ranges  0x000008b0       0x70 .\CortexM3\ARM_GCC_493\Debug\Node-Jaguar.a(LED_Driver2_MASTER.o)
 .debug_ranges  0x00000920       0x80 .\CortexM3\ARM_GCC_493\Debug\Node-Jaguar.a(b1_critical_timer.o)
 .debug_ranges  0x000009a0       0x70 .\CortexM3\ARM_GCC_493\Debug\Node-Jaguar.a(b1_crit_int.o)
 .debug_ranges  0x00000a10       0x80 .\CortexM3\ARM_GCC_493\Debug\Node-Jaguar.a(b2_critical_timer.o)
 .debug_ranges  0x00000a90       0x70 .\CortexM3\ARM_GCC_493\Debug\Node-Jaguar.a(b2_crit_int.o)
 .debug_ranges  0x00000b00       0x80 .\CortexM3\ARM_GCC_493\Debug\Node-Jaguar.a(b3_critical_timer.o)
 .debug_ranges  0x00000b80       0x70 .\CortexM3\ARM_GCC_493\Debug\Node-Jaguar.a(b3_crit_int.o)
 .debug_ranges  0x00000bf0       0x80 .\CortexM3\ARM_GCC_493\Debug\Node-Jaguar.a(c1_critical_timer.o)
 .debug_ranges  0x00000c70       0x70 .\CortexM3\ARM_GCC_493\Debug\Node-Jaguar.a(c1_crit_int.o)
 .debug_ranges  0x00000ce0       0x80 .\CortexM3\ARM_GCC_493\Debug\Node-Jaguar.a(tach_critical_timer.o)
 .debug_ranges  0x00000d60       0x70 .\CortexM3\ARM_GCC_493\Debug\Node-Jaguar.a(tach_crit_int.o)
 .debug_ranges  0x00000dd0       0x70 .\CortexM3\ARM_GCC_493\Debug\Node-Jaguar.a(CyFlash.o)
 .debug_ranges  0x00000e40       0x68 .\CortexM3\ARM_GCC_493\Debug\Node-Jaguar.a(CySpc.o)
 .debug_ranges  0x00000ea8       0x28 .\CortexM3\ARM_GCC_493\Debug\Node-Jaguar.a(LED_Driver1.o)
 .debug_ranges  0x00000ed0       0x10 .\CortexM3\ARM_GCC_493\Debug\Node-Jaguar.a(LED_Driver1_INT.o)

.comment        0x00000000       0x70
 .comment       0x00000000       0x70 .\CortexM3\ARM_GCC_493\Debug\main.o
                                 0x71 (size before relaxing)
 .comment       0x00000000       0x71 .\CortexM3\ARM_GCC_493\Debug\can_manga.o
 .comment       0x00000000       0x71 .\CortexM3\ARM_GCC_493\Debug\led_manager.o
 .comment       0x00000000       0x71 .\CortexM3\ARM_GCC_493\Debug\cymetadata.o
 .comment       0x00000000       0x71 .\CortexM3\ARM_GCC_493\Debug\Cm3Start.o
 .comment       0x00000000       0x71 .\CortexM3\ARM_GCC_493\Debug\Node-Jaguar.a(cyfitter_cfg.o)
 .comment       0x00000000       0x71 .\CortexM3\ARM_GCC_493\Debug\Node-Jaguar.a(CAN.o)
 .comment       0x00000000       0x71 .\CortexM3\ARM_GCC_493\Debug\Node-Jaguar.a(CAN_INT.o)
 .comment       0x00000000       0x71 .\CortexM3\ARM_GCC_493\Debug\Node-Jaguar.a(CAN_TX_RX_func.o)
 .comment       0x00000000       0x71 .\CortexM3\ARM_GCC_493\Debug\Node-Jaguar.a(CyLib.o)
 .comment       0x00000000       0x71 .\CortexM3\ARM_GCC_493\Debug\Node-Jaguar.a(cyPm.o)
 .comment       0x00000000       0x71 .\CortexM3\ARM_GCC_493\Debug\Node-Jaguar.a(Buzzer.o)
 .comment       0x00000000       0x71 .\CortexM3\ARM_GCC_493\Debug\Node-Jaguar.a(HV.o)
 .comment       0x00000000       0x71 .\CortexM3\ARM_GCC_493\Debug\Node-Jaguar.a(Drive.o)
 .comment       0x00000000       0x71 .\CortexM3\ARM_GCC_493\Debug\Node-Jaguar.a(RGB3_1.o)
 .comment       0x00000000       0x71 .\CortexM3\ARM_GCC_493\Debug\Node-Jaguar.a(RGB2_1.o)
 .comment       0x00000000       0x71 .\CortexM3\ARM_GCC_493\Debug\Node-Jaguar.a(RGB1_1.o)
 .comment       0x00000000       0x71 .\CortexM3\ARM_GCC_493\Debug\Node-Jaguar.a(LED_Driver1_MASTER.o)
 .comment       0x00000000       0x71 .\CortexM3\ARM_GCC_493\Debug\Node-Jaguar.a(LED_Driver2.o)
 .comment       0x00000000       0x71 .\CortexM3\ARM_GCC_493\Debug\Node-Jaguar.a(LED_Driver2_INT.o)
 .comment       0x00000000       0x71 .\CortexM3\ARM_GCC_493\Debug\Node-Jaguar.a(LED_Driver2_MASTER.o)
 .comment       0x00000000       0x71 .\CortexM3\ARM_GCC_493\Debug\Node-Jaguar.a(b1_critical_timer.o)
 .comment       0x00000000       0x71 .\CortexM3\ARM_GCC_493\Debug\Node-Jaguar.a(b1_crit_int.o)
 .comment       0x00000000       0x71 .\CortexM3\ARM_GCC_493\Debug\Node-Jaguar.a(b2_critical_timer.o)
 .comment       0x00000000       0x71 .\CortexM3\ARM_GCC_493\Debug\Node-Jaguar.a(b2_crit_int.o)
 .comment       0x00000000       0x71 .\CortexM3\ARM_GCC_493\Debug\Node-Jaguar.a(b3_critical_timer.o)
 .comment       0x00000000       0x71 .\CortexM3\ARM_GCC_493\Debug\Node-Jaguar.a(b3_crit_int.o)
 .comment       0x00000000       0x71 .\CortexM3\ARM_GCC_493\Debug\Node-Jaguar.a(c1_critical_timer.o)
 .comment       0x00000000       0x71 .\CortexM3\ARM_GCC_493\Debug\Node-Jaguar.a(c1_crit_int.o)
 .comment       0x00000000       0x71 .\CortexM3\ARM_GCC_493\Debug\Node-Jaguar.a(tach_critical_timer.o)
 .comment       0x00000000       0x71 .\CortexM3\ARM_GCC_493\Debug\Node-Jaguar.a(tach_crit_int.o)
 .comment       0x00000000       0x71 .\CortexM3\ARM_GCC_493\Debug\Node-Jaguar.a(CyFlash.o)
 .comment       0x00000000       0x71 .\CortexM3\ARM_GCC_493\Debug\Node-Jaguar.a(CySpc.o)
 .comment       0x00000000       0x71 .\CortexM3\ARM_GCC_493\Debug\Node-Jaguar.a(LED_Driver1.o)
 .comment       0x00000000       0x71 .\CortexM3\ARM_GCC_493\Debug\Node-Jaguar.a(LED_Driver1_INT.o)

.debug_weaknames
 *(.debug_weaknames)

.debug_funcnames
 *(.debug_funcnames)

.debug_typenames
 *(.debug_typenames)

.debug_varnames
 *(.debug_varnames)

.note.gnu.arm.ident
 *(.note.gnu.arm.ident)

.ARM.attributes
                0x00000000       0x29
 *(.ARM.attributes)
 .ARM.attributes
                0x00000000       0x1d d:/programming/cypress/psoc creator/4.0/psoc creator/import/gnu/arm/4.9.3/bin/../lib/gcc/arm-none-eabi/4.9.3/armv7-m/crti.o
 .ARM.attributes
                0x0000001d       0x2d d:/programming/cypress/psoc creator/4.0/psoc creator/import/gnu/arm/4.9.3/bin/../lib/gcc/arm-none-eabi/4.9.3/armv7-m/crtbegin.o
 .ARM.attributes
                0x0000004a       0x1b d:/programming/cypress/psoc creator/4.0/psoc creator/import/gnu/arm/4.9.3/bin/../lib/gcc/arm-none-eabi/4.9.3/../../../../arm-none-eabi/lib/armv7-m/crt0.o
 .ARM.attributes
                0x00000065       0x33 .\CortexM3\ARM_GCC_493\Debug\main.o
 .ARM.attributes
                0x00000098       0x33 .\CortexM3\ARM_GCC_493\Debug\can_manga.o
 .ARM.attributes
                0x000000cb       0x33 .\CortexM3\ARM_GCC_493\Debug\led_manager.o
 .ARM.attributes
                0x000000fe       0x33 .\CortexM3\ARM_GCC_493\Debug\cymetadata.o
 .ARM.attributes
                0x00000131       0x33 .\CortexM3\ARM_GCC_493\Debug\Cm3Start.o
 .ARM.attributes
                0x00000164       0x33 .\CortexM3\ARM_GCC_493\Debug\Node-Jaguar.a(cyfitter_cfg.o)
 .ARM.attributes
                0x00000197       0x33 .\CortexM3\ARM_GCC_493\Debug\Node-Jaguar.a(CAN.o)
 .ARM.attributes
                0x000001ca       0x33 .\CortexM3\ARM_GCC_493\Debug\Node-Jaguar.a(CAN_INT.o)
 .ARM.attributes
                0x000001fd       0x33 .\CortexM3\ARM_GCC_493\Debug\Node-Jaguar.a(CAN_TX_RX_func.o)
 .ARM.attributes
                0x00000230       0x33 .\CortexM3\ARM_GCC_493\Debug\Node-Jaguar.a(CyLib.o)
 .ARM.attributes
                0x00000263       0x33 .\CortexM3\ARM_GCC_493\Debug\Node-Jaguar.a(cyPm.o)
 .ARM.attributes
                0x00000296       0x33 .\CortexM3\ARM_GCC_493\Debug\Node-Jaguar.a(Buzzer.o)
 .ARM.attributes
                0x000002c9       0x33 .\CortexM3\ARM_GCC_493\Debug\Node-Jaguar.a(HV.o)
 .ARM.attributes
                0x000002fc       0x33 .\CortexM3\ARM_GCC_493\Debug\Node-Jaguar.a(Drive.o)
 .ARM.attributes
                0x0000032f       0x33 .\CortexM3\ARM_GCC_493\Debug\Node-Jaguar.a(RGB3_1.o)
 .ARM.attributes
                0x00000362       0x33 .\CortexM3\ARM_GCC_493\Debug\Node-Jaguar.a(RGB2_1.o)
 .ARM.attributes
                0x00000395       0x33 .\CortexM3\ARM_GCC_493\Debug\Node-Jaguar.a(RGB1_1.o)
 .ARM.attributes
                0x000003c8       0x33 .\CortexM3\ARM_GCC_493\Debug\Node-Jaguar.a(LED_Driver1_MASTER.o)
 .ARM.attributes
                0x000003fb       0x33 .\CortexM3\ARM_GCC_493\Debug\Node-Jaguar.a(LED_Driver2.o)
 .ARM.attributes
                0x0000042e       0x33 .\CortexM3\ARM_GCC_493\Debug\Node-Jaguar.a(LED_Driver2_INT.o)
 .ARM.attributes
                0x00000461       0x33 .\CortexM3\ARM_GCC_493\Debug\Node-Jaguar.a(LED_Driver2_MASTER.o)
 .ARM.attributes
                0x00000494       0x33 .\CortexM3\ARM_GCC_493\Debug\Node-Jaguar.a(b1_critical_timer.o)
 .ARM.attributes
                0x000004c7       0x33 .\CortexM3\ARM_GCC_493\Debug\Node-Jaguar.a(b1_crit_int.o)
 .ARM.attributes
                0x000004fa       0x33 .\CortexM3\ARM_GCC_493\Debug\Node-Jaguar.a(b2_critical_timer.o)
 .ARM.attributes
                0x0000052d       0x33 .\CortexM3\ARM_GCC_493\Debug\Node-Jaguar.a(b2_crit_int.o)
 .ARM.attributes
                0x00000560       0x33 .\CortexM3\ARM_GCC_493\Debug\Node-Jaguar.a(b3_critical_timer.o)
 .ARM.attributes
                0x00000593       0x33 .\CortexM3\ARM_GCC_493\Debug\Node-Jaguar.a(b3_crit_int.o)
 .ARM.attributes
                0x000005c6       0x33 .\CortexM3\ARM_GCC_493\Debug\Node-Jaguar.a(c1_critical_timer.o)
 .ARM.attributes
                0x000005f9       0x33 .\CortexM3\ARM_GCC_493\Debug\Node-Jaguar.a(c1_crit_int.o)
 .ARM.attributes
                0x0000062c       0x33 .\CortexM3\ARM_GCC_493\Debug\Node-Jaguar.a(tach_critical_timer.o)
 .ARM.attributes
                0x0000065f       0x33 .\CortexM3\ARM_GCC_493\Debug\Node-Jaguar.a(tach_crit_int.o)
 .ARM.attributes
                0x00000692       0x21 .\CortexM3\ARM_GCC_493\Debug\Node-Jaguar.a(CyBootAsmGnu.o)
 .ARM.attributes
                0x000006b3       0x33 .\CortexM3\ARM_GCC_493\Debug\Node-Jaguar.a(CyFlash.o)
 .ARM.attributes
                0x000006e6       0x33 .\CortexM3\ARM_GCC_493\Debug\Node-Jaguar.a(CySpc.o)
 .ARM.attributes
                0x00000719       0x33 .\CortexM3\ARM_GCC_493\Debug\Node-Jaguar.a(LED_Driver1.o)
 .ARM.attributes
                0x0000074c       0x33 .\CortexM3\ARM_GCC_493\Debug\Node-Jaguar.a(LED_Driver1_INT.o)
 .ARM.attributes
                0x0000077f       0x2d d:/programming/cypress/psoc creator/4.0/psoc creator/import/gnu/arm/4.9.3/bin/../lib/gcc/arm-none-eabi/4.9.3/../../../../arm-none-eabi/lib/armv7-m\libg_nano.a(lib_a-errno.o)
 .ARM.attributes
                0x000007ac       0x2d d:/programming/cypress/psoc creator/4.0/psoc creator/import/gnu/arm/4.9.3/bin/../lib/gcc/arm-none-eabi/4.9.3/../../../../arm-none-eabi/lib/armv7-m\libg_nano.a(lib_a-exit.o)
 .ARM.attributes
                0x000007d9       0x2d d:/programming/cypress/psoc creator/4.0/psoc creator/import/gnu/arm/4.9.3/bin/../lib/gcc/arm-none-eabi/4.9.3/../../../../arm-none-eabi/lib/armv7-m\libg_nano.a(lib_a-impure.o)
 .ARM.attributes
                0x00000806       0x2d d:/programming/cypress/psoc creator/4.0/psoc creator/import/gnu/arm/4.9.3/bin/../lib/gcc/arm-none-eabi/4.9.3/../../../../arm-none-eabi/lib/armv7-m\libg_nano.a(lib_a-init.o)
 .ARM.attributes
                0x00000833       0x2d d:/programming/cypress/psoc creator/4.0/psoc creator/import/gnu/arm/4.9.3/bin/../lib/gcc/arm-none-eabi/4.9.3/../../../../arm-none-eabi/lib/armv7-m\libg_nano.a(lib_a-memcpy.o)
 .ARM.attributes
                0x00000860       0x2d d:/programming/cypress/psoc creator/4.0/psoc creator/import/gnu/arm/4.9.3/bin/../lib/gcc/arm-none-eabi/4.9.3/../../../../arm-none-eabi/lib/armv7-m\libg_nano.a(lib_a-memset.o)
 .ARM.attributes
                0x0000088d       0x2d d:/programming/cypress/psoc creator/4.0/psoc creator/import/gnu/arm/4.9.3/bin/../lib/gcc/arm-none-eabi/4.9.3/armv7-m/crtend.o
 .ARM.attributes
                0x000008ba       0x1d d:/programming/cypress/psoc creator/4.0/psoc creator/import/gnu/arm/4.9.3/bin/../lib/gcc/arm-none-eabi/4.9.3/armv7-m/crtn.o

/DISCARD/
 *(.note.GNU-stack)
OUTPUT(.\CortexM3\ARM_GCC_493\Debug\Node-Jaguar.elf elf32-littlearm)
